ci_udc.c:349:12:ci_ep_disable	0	static
ci_udc.c:528:12:ci_ep_dequeue	8	static
ci_udc.c:284:13:ci_ep_free_request	8	static
ci_udc.c:260:1:ci_ep_alloc_request	8	static
ci_udc.c:209:13:ci_flush_qtd	0	static
ci_udc.c:179:13:ci_flush_qh	0	static
ci_udc.c:763:13:stop_activity	24	static
ci_udc.c:304:13:ep_enable	16	static
ci_udc.c:324:12:ci_ep_enable	8	static
ci_udc.c:421:13:ci_ep_submit_next_request	48	static
ci_udc.c:552:12:ci_ep_queue	16	static
ci_udc.c:791:6:udc_irq	64	static
ci_udc.c:860:5:usb_gadget_handle_interrupts	8	static
ci_udc.c:872:6:udc_disconnect	16	static
ci_udc.c:883:12:ci_pullup	16	static
ci_udc.c:1001:5:usb_gadget_register_driver	32	static
ci_udc.c:1036:5:usb_gadget_unregister_driver	16	static
ci_udc.c:1050:6:dfu_usb_get_reset	0	static
