f_dfu.c:215:13:handle_getstate	0	static
f_dfu.c:757:12:dfu_set_alt	0	static
f_dfu.c:770:12:__dfu_get_alt	0	static
f_dfu.c:778:13:dfu_disable	0	static
f_dfu.c:816:5:dfu_add	16	static
f_dfu.c:593:1:dfu_handle	24	static
f_dfu.c:169:13:dnload_request_flush	8	static
f_dfu.c:156:13:dnload_request_complete	16	static
f_dfu.c:731:13:dfu_unbind	24	static
f_dfu.c:690:12:dfu_bind	32	static
f_dfu.c:238:12:handle_upload.isra.5	16	static
f_dfu.c:181:13:handle_getstatus	24	static
f_dfu.c:548:12:state_dfu_error	8	static
f_dfu.c:455:12:state_dfu_manifest_sync	16	static
f_dfu.c:420:12:state_dfu_dnload_idle	8	static
f_dfu.c:399:12:state_dfu_dnbusy	8	static
f_dfu.c:375:12:state_dfu_dnload_sync	8	static
f_dfu.c:290:12:state_app_detach	8	static
f_dfu.c:262:12:state_app_idle	8	static
f_dfu.c:510:12:state_dfu_upload_idle	16	static
f_dfu.c:483:12:state_dfu_manifest	8	static
f_dfu.c:314:12:state_dfu_idle	8	static
