fdtdec.c:631:20:get_prop_check_min_len	24	static
fdtdec.c:73:13:fdtdec_get_compatible	0	static
fdtdec.c:298:10:fdtdec_get_uint64	24	static
fdtdec.c:311:5:fdtdec_get_is_enabled	8	static
fdtdec.c:328:20:fdtdec_lookup	24	static
fdtdec.c:340:5:fdtdec_next_compatible	0	static
fdtdec.c:346:5:fdtdec_next_compatible_subnode	24	static
fdtdec.c:361:5:fdtdec_next_alias	72	static
fdtdec.c:392:5:fdtdec_add_aliases_for_id	64	dynamic
fdtdec.c:383:5:fdtdec_find_aliases_for_id	24	static
fdtdec.c:506:5:fdtdec_get_alias_seq	56	static
fdtdec.c:548:13:fdtdec_get_chosen_prop	16	static
fdtdec.c:558:5:fdtdec_get_chosen_node	8	static
fdtdec.c:585:5:fdtdec_prepare_fdt	8	static
fdtdec.c:568:5:fdtdec_check_fdt	8	static
fdtdec.c:606:5:fdtdec_lookup_phandle	8	static
fdtdec.c:648:5:fdtdec_get_int_array	32	static
fdtdec.c:1080:12:decode_timing_property	40	static
fdtdec.c:664:5:fdtdec_get_int_array_count	24	static
fdtdec.c:684:12:fdtdec_locate_array	24	static
fdtdec.c:695:5:fdtdec_get_bool	16	static
fdtdec.c:705:5:fdtdec_parse_phandle_with_args	48	static
fdtdec.c:829:5:fdtdec_get_child_count	16	static
fdtdec.c:840:5:fdtdec_get_byte_array	24	static
fdtdec.c:852:11:fdtdec_locate_byte_array	24	static
fdtdec.c:864:5:fdtdec_get_config_int	16	static
fdtdec.c:876:5:fdtdec_get_config_bool	16	static
fdtdec.c:890:7:fdtdec_get_config_string	24	static
fdtdec.c:908:5:fdtdec_decode_region	16	static
fdtdec.c:939:5:fdtdec_read_fmap_entry	40	static
fdtdec.c:962:5:fdtdec_get_number	12	static
fdtdec.c:80:12:fdtdec_get_addr_size_fixed	32	static
fdtdec.c:130:12:fdtdec_get_addr_size_auto_parent	40	static
fdtdec.c:155:12:fdtdec_get_addr_size_auto_noparent	32	static
fdtdec.c:172:12:fdtdec_get_addr_size	24	static
fdtdec.c:182:12:fdtdec_get_addr	0	static
fdtdec.c:972:5:fdt_get_resource	40	static
fdtdec.c:1006:5:fdt_get_named_resource	24	static
fdtdec.c:1019:5:fdtdec_decode_memory_region	104	static
fdtdec.c:1104:5:fdtdec_decode_display_timing	32	static
fdtdec.c:1172:5:fdtdec_setup	8	static
