efi_boottime.c:309:12:efi_search.isra.1.part.2	16	static
efi_boottime.c:51:6:efi_save_gd	0	static
efi_boottime.c:57:6:efi_restore_gd	0	static
efi_boottime.c:677:20:efi_set_mem	16	static
efi_boottime.c:670:20:efi_copy_mem	16	static
efi_boottime.c:468:28:efi_exit	16	static
efi_boottime.c:98:21:efi_allocate_pages_ext	24	static
efi_boottime.c:109:21:efi_free_pages_ext	16	static
efi_boottime.c:118:21:efi_get_memory_map_ext	32	static
efi_boottime.c:661:28:efi_calculate_crc32	16	static
efi_boottime.c:654:28:efi_uninstall_multiple_protocol_interfaces	8	static
efi_boottime.c:647:28:efi_install_multiple_protocol_interfaces	8	static
efi_boottime.c:629:28:efi_locate_protocol	16	static
efi_boottime.c:612:28:efi_locate_handle_buffer	8	static
efi_boottime.c:603:28:efi_protocols_per_handle	8	static
efi_boottime.c:593:28:efi_open_protocol_information	8	static
efi_boottime.c:583:28:efi_close_protocol	8	static
efi_boottime.c:683:28:efi_open_protocol	48	static
efi_boottime.c:720:28:efi_handle_protocol	16	static
efi_boottime.c:574:28:efi_disconnect_controller	8	static
efi_boottime.c:563:28:efi_connect_controller	8	static
efi_boottime.c:553:28:efi_set_watchdog_timer	8	static
efi_boottime.c:546:28:efi_stall	8	static
efi_boottime.c:538:28:efi_get_next_monotonic_count	16	static
efi_boottime.c:521:28:efi_exit_boot_services	8	static
efi_boottime.c:497:28:efi_unload_image	8	static
efi_boottime.c:444:28:efi_start_image	32	static
efi_boottime.c:405:28:efi_load_image	24	static
efi_boottime.c:378:28:efi_install_configuration_table	32	static
efi_boottime.c:370:28:efi_locate_device_path	8	static
efi_boottime.c:332:28:efi_locate_handle	32	static
efi_boottime.c:301:28:efi_register_protocol_notify	8	static
efi_boottime.c:294:28:efi_uninstall_protocol_interface	8	static
efi_boottime.c:285:28:efi_reinstall_protocol_interface	8	static
efi_boottime.c:277:28:efi_install_protocol_interface	8	static
efi_boottime.c:271:28:efi_check_event	8	static
efi_boottime.c:264:28:efi_close_event	8	static
efi_boottime.c:258:28:efi_signal_event	8	static
efi_boottime.c:208:28:efi_set_timer	32	static
efi_boottime.c:169:28:efi_create_event	24	static
efi_boottime.c:143:28:efi_free_pool	8	static
efi_boottime.c:133:28:efi_allocate_pool	16	static
efi_boottime.c:92:20:efi_restore_tpl	8	static
efi_boottime.c:86:29:efi_raise_tpl	8	static
efi_boottime.c:69:14:efi_exit_func	0	static
efi_boottime.c:194:6:efi_timer_check	16	static
efi_boottime.c:244:28:efi_wait_for_event	8	static
