efi_net.c:161:13:efi_net_push	0	static
efi_net.c:194:21:efi_net_open_dp	0	static
efi_net.c:206:21:efi_net_open_pxe	0	static
efi_net.c:126:28:efi_net_get_status	16	static
efi_net.c:116:28:efi_net_nvdata	8	static
efi_net.c:106:28:efi_net_mcastiptomac	8	static
efi_net.c:97:28:efi_net_statistics	8	static
efi_net.c:88:28:efi_net_station_address	8	static
efi_net.c:75:28:efi_net_receive_filters	8	static
efi_net.c:68:28:efi_net_shutdown	8	static
efi_net.c:60:28:efi_net_reset	8	static
efi_net.c:43:28:efi_net_stop	8	static
efi_net.c:36:28:efi_net_start	8	static
efi_net.c:50:28:efi_net_initialize	8	static
efi_net.c:166:28:efi_net_receive	24	static
efi_net.c:142:28:efi_net_transmit	16	static
efi_net.c:218:6:efi_net_set_dhcp_ack	16	static
efi_net.c:229:5:efi_net_register	160	static
