efi_console.c:45:28:efi_cin_lock_std_in	8	static
efi_console.c:38:28:efi_cin_set_mode	8	static
efi_console.c:22:28:efi_cin_get_mode	16	static
efi_console.c:220:28:efi_cout_set_attribute	8	static
efi_console.c:155:28:efi_cout_test_string	8	static
efi_console.c:103:28:efi_cout_reset	8	static
efi_console.c:277:28:efi_cin_reset	8	static
efi_console.c:253:28:efi_cout_enable_cursor	8	static
efi_console.c:240:28:efi_cout_set_cursor_position	16	static
efi_console.c:230:28:efi_cout_clear_screen	8	static
efi_console.c:130:28:efi_cout_output_string	32	static
efi_console.c:207:28:efi_cout_set_mode	8	static
efi_console.c:285:28:efi_cin_read_key_stroke	16	static
efi_console.c:163:28:efi_cout_query_mode	40	static
