bootstage.h:345:19:bootstage_relocate	0	static
board_r.c:106:12:initr_trace	0	static
board_r.c:115:12:initr_reloc	0	static
board_r.c:276:12:initr_barrier	0	static
board_r.c:300:12:initr_console_record	0	static
board_r.c:349:12:power_init_board	0	static
board_r.c:354:12:initr_announce	0	static
board_r.c:740:12:run_main_loop	8	static
board_r.c:651:12:initr_net	8	static
board_r.c:565:12:initr_ethaddr	8	static
board_r.c:557:12:initr_enable_interrupts	8	static
board_r.c:540:12:initr_jumptable	8	static
board_r.c:494:12:initr_env	8	static
board_r.c:455:12:initr_mmc	8	static
board_r.c:188:12:initr_serial	8	static
board_r.c:341:12:initr_bootstage	8	static
board_r.c:318:12:initr_dm	0	static
board_r.c:285:12:initr_malloc	8	static
board_r.c:141:12:initr_reloc_global_data	8	static
board_r.c:128:12:initr_caches	8	static
board_r.c:78:12:board_flash_wp_on	0	static
board_r.c:88:13:cpu_secondary_init_r	0	static
board_r.c:92:12:initr_secondary_cpu	8	static
board_r.c:136:12:fixup_cpu	0	static
board_r.c:975:6:board_init_r	8	static
