common.h:273:19:print_cpuinfo	0	static
board_f.c:148:12:display_text_info	0	static
board_f.c:267:12:setup_mon_len	0	static
board_f.c:284:12:arch_cpu_init	0	static
board_f.c:415:12:reserve_round_4k	0	static
board_f.c:423:12:reserve_mmu	0	static
board_f.c:484:12:reserve_trace	0	static
board_f.c:496:12:reserve_uboot	0	static
board_f.c:519:12:reserve_malloc	0	static
board_f.c:541:12:setup_machine	0	static
board_f.c:549:12:reserve_global_data	0	static
board_f.c:558:12:reserve_fdt	0	static
board_f.c:597:12:display_new_sp	0	static
board_f.c:710:12:reloc_fdt	0	static
board_f.c:791:12:initf_console_record	0	static
board_f.c:819:12:reserve_arch	0	static
board_f.c:824:12:arch_cpu_init_dm	0	static
board_f.c:174:12:announce_dram_init	8	static
board_f.c:236:12:init_func_i2c	8	static
board_f.c:142:12:init_baud_rate	8	static
board_f.c:784:12:mark_bootstage	8	static
board_f.c:800:12:initf_dm	0	static
board_f.c:724:12:setup_reloc	8	static
board_f.c:528:12:reserve_board	8	static
board_f.c:89:13:coloured_LED_init	0	static
board_f.c:90:13:red_led_on	0	static
board_f.c:91:13:red_led_off	0	static
board_f.c:92:13:green_led_on	0	static
board_f.c:93:13:green_led_off	0	static
board_f.c:94:13:yellow_led_on	0	static
board_f.c:95:13:yellow_led_off	0	static
board_f.c:96:13:blue_led_on	0	static
board_f.c:97:13:blue_led_off	0	static
board_f.c:137:13:board_add_ram_info	0	static
board_f.c:199:12:show_dram_config	8	static
board_f.c:227:13:dram_init_banksize	8	static
board_f.c:702:12:setup_dram_config	8	static
board_f.c:302:14:board_get_usable_ram_top	0	static
board_f.c:319:20:board_reserve_ram_top	0	static
board_f.c:328:12:setup_dest_addr	16	static
board_f.c:579:5:arch_reserve_stacks	0	static
board_f.c:584:12:reserve_stacks	0	static
board_f.c:1035:6:board_init_f	8	static
