console.c:102:12:console_setfile	16	static
console.c:271:5:serial_printf	2088	static
console.c:504:6:puts	8	static
console.c:461:6:putc	0	static
console.c:289:5:fgetc	0	static
console.c:361:5:getc	0	static
console.c:320:5:ftstc	0	static
console.c:389:5:tstc	0	static
console.c:328:6:fputc	0	static
console.c:334:6:fputs	0	static
console.c:340:5:fprintf	2092	static
console.c:578:5:ctrlc	8	static
console.c:599:5:confirm_yesno	16	static
console.c:626:5:disable_ctrlc	0	static
console.c:634:5:had_ctrlc	0	static
console.c:639:6:clear_ctrlc	0	static
console.c:646:19:search_device	8	static
console.c:662:5:console_assign	8	static
console.c:22:12:on_console	24	static
console.c:691:5:console_init_f	0	static
console.c:705:6:stdio_print_current_devices	8	static
console.c:732:5:console_init_r	16	static
