image.c:430:12:on_loadaddr	8	static
image.c:182:5:image_check_hcrc	72	static
image.c:197:5:image_check_dcrc	8	static
image.c:219:7:image_multi_count	0	static
image.c:252:6:image_multi_getimg	24	static
image.c:446:7:getenv_bootm_low	8	static
image.c:463:13:getenv_bootm_size	16	static
image.c:490:13:getenv_bootm_mapsize	8	static
image.c:506:6:memmove_wd	0	static
image.c:536:6:genimg_print_size	8	static
image.c:564:22:get_table_entry	0	static
image.c:615:20:genimg_get_short_name	8	static
image.c:587:7:get_table_entry_name	8	static
image.c:599:13:genimg_get_os_name	0	static
image.c:604:13:genimg_get_arch_name	0	static
image.c:610:13:genimg_get_type_name	0	static
image.c:627:13:genimg_get_type_short_name	0	static
image.c:632:13:genimg_get_comp_name	0	static
image.c:312:6:image_print_contents	40	static
image.c:638:13:genimg_get_comp_short_name	0	static
image.c:643:13:genimg_get_os_short_name	0	static
image.c:648:13:genimg_get_arch_short_name	0	static
image.c:667:5:get_table_entry_id	16	static
image.c:685:5:genimg_get_os_id	0	static
image.c:690:5:genimg_get_arch_id	0	static
image.c:695:5:genimg_get_type_id	0	static
image.c:700:5:genimg_get_comp_id	0	static
image.c:721:7:genimg_get_kernel_addr_fit	24	static
image.c:755:7:genimg_get_kernel_addr	16	static
image.c:778:5:genimg_get_format	8	static
image.c:809:7:genimg_get_image	0	static
image.c:885:5:genimg_has_config	0	static
image.c:916:5:boot_get_ramdisk	80	static
image.c:1128:5:boot_ramdisk_high	32	static
image.c:1206:5:boot_get_setup	0	static
image.c:1218:5:boot_get_fpga	72	static
image.c:1307:5:boot_get_loadable	72	static
image.c:1452:5:image_setup_linux	32	static
