image-fit.c:679:12:fit_image_get_address	24	static
image-fit.c:75:5:fit_parse_conf	24	static
image-fit.c:101:5:fit_parse_subimage	24	static
image-fit.c:124:5:fit_get_subimage_count	24	static
image-fit.c:471:5:fit_get_desc	16	static
image-fit.c:499:5:fit_get_timestamp	16	static
image-fit.c:531:5:fit_image_get_node	16	static
image-fit.c:565:5:fit_image_get_os	16	static
image-fit.c:597:5:fit_image_get_arch	16	static
image-fit.c:629:5:fit_image_get_type	16	static
image-fit.c:661:5:fit_image_get_comp	16	static
image-fit.c:720:5:fit_image_get_load	0	static
image-fit.c:742:5:fit_image_get_entry	0	static
image-fit.c:762:5:fit_image_get_data	24	static
image-fit.c:791:5:fit_image_hash_get_algo	16	static
image-fit.c:819:5:fit_image_hash_get_value	24	static
image-fit.c:260:13:fit_image_print_data	48	static
image-fit.c:356:6:fit_image_print	56	static
image-fit.c:863:7:fit_get_end	0	static
image-fit.c:881:5:fit_set_timestamp	24	static
image-fit.c:917:5:calculate_hash	32	static
image-fit.c:1004:5:fit_image_verify	96	static
image-fit.c:1086:5:fit_all_image_verify	32	static
image-fit.c:1138:5:fit_image_check_os	16	static
image-fit.c:1160:5:fit_image_check_arch	16	static
image-fit.c:1183:5:fit_image_check_type	16	static
image-fit.c:1206:5:fit_image_check_comp	16	static
image-fit.c:1226:5:fit_check_format	8	static
image-fit.c:1291:5:fit_conf_find_compat	64	static
image-fit.c:1396:5:fit_conf_get_node	24	static
image-fit.c:1430:5:fit_conf_get_prop_node	16	static
image-fit.c:1456:6:fit_conf_print	40	static
image-fit.c:156:6:fit_print_contents	32	static
image-fit.c:1524:5:fit_get_node_from_config	16	static
image-fit.c:1582:5:fit_image_load	64	static
image-fit.c:1786:5:boot_get_setup_fit	56	static
