spi-uclass.c:21:12:spi_set_speed_mode	24	static
spi-uclass.c:158:12:spi_child_pre_probe	16	static
spi-uclass.c:128:12:spi_post_probe	16	static
spi-uclass.c:112:12:spi_post_bind	0	static
spi-uclass.c:48:5:dm_spi_claim_bus	32	static
spi-uclass.c:76:6:dm_spi_release_bus	0	static
spi-uclass.c:85:5:dm_spi_xfer	8	static
spi-uclass.c:96:5:spi_claim_bus	0	static
spi-uclass.c:101:6:spi_release_bus	0	static
spi-uclass.c:106:5:spi_xfer	0	static
spi-uclass.c:180:5:spi_chip_select	8	static
spi-uclass.c:187:5:spi_find_chip_select	24	static
spi-uclass.c:221:5:spi_cs_info	24	static
spi-uclass.c:206:5:spi_cs_is_valid	16	static
spi-uclass.c:254:5:spi_find_bus_and_cs	24	static
spi-uclass.c:276:5:spi_get_bus_and_cs	40	static
spi-uclass.c:347:19:spi_setup_slave_fdt	16	static
spi-uclass.c:363:19:spi_setup_slave	32	static
spi-uclass.c:378:6:spi_free_slave	8	static
spi-uclass.c:384:5:spi_slave_ofdata_to_platdata	32	static
spi-uclass.c:118:12:spi_child_post_bind	8	static
