nvedit.c:784:12:do_env_delete	24	static
nvedit.c:1099:12:do_env_exists	48	static
nvedit.c:707:12:do_env_save	8	static
nvedit.c:1162:12:do_env	24	static
nvedit.c:86:12:env_print	56	static
nvedit.c:117:12:do_env_print	24	static
nvedit.c:986:12:do_env_import	56	static
nvedit.c:747:12:do_env_default	8	static
nvedit.c:214:12:_do_env_set.isra.1	72	static
nvedit.c:347:12:do_env_set	0	static
nvedit.c:359:5:do_env_ask	2104	static
nvedit.c:75:5:get_env_id	0	static
nvedit.c:287:5:setenv	24	static
nvedit.c:308:5:setenv_ulong	8	static
nvedit.c:323:5:setenv_hex	32	static
nvedit.c:865:12:do_env_export	96	static
nvedit.c:731:5:envmatch	24	static
nvedit.c:650:5:getenv_f	32	static
nvedit.c:626:7:getenv	48	static
nvedit.c:331:7:getenv_hex	24	static
nvedit.c:694:7:getenv_ulong	16	static
nvedit.c:584:12:do_env_edit.part.3	2080	static
nvedit.c:584:12:do_env_edit	0	static
