Archive member included because of file (symbol)

arch/arm/lib/lib.a(ashldi3.o)
                              drivers/mmc/built-in.o (__aeabi_llsl)
arch/arm/lib/lib.a(lib1funcs.o)
                              arch/arm/mach-zynq/built-in.o (__aeabi_uidiv)
arch/arm/lib/lib.a(lshrdi3.o)
                              fs/built-in.o (__aeabi_llsr)
arch/arm/lib/lib.a(div0.o)    arch/arm/lib/lib.a(lib1funcs.o) (__div0)

Discarded input sections

 .data          0x0000000000000000        0x0 arch/arm/cpu/armv7/start.o
 .bss           0x0000000000000000        0x0 arch/arm/cpu/armv7/start.o
 .text.v7_arch_cp15_set_l2aux_ctrl
                0x0000000000000000        0x8 arch/arm/cpu/armv7/built-in.o
 .text.v7_arch_cp15_set_acr
                0x0000000000000000        0x8 arch/arm/cpu/armv7/built-in.o
 .text.sdelay   0x0000000000000000        0xc arch/arm/cpu/armv7/built-in.o
 .text.wait_on_value
                0x0000000000000000       0x34 arch/arm/cpu/armv7/built-in.o
 .data          0x0000000000000000        0x0 arch/arm/cpu/armv7/built-in.o
 .bss           0x0000000000000000        0x0 arch/arm/cpu/armv7/built-in.o
 .text.setup_board_tags
                0x0000000000000000        0x4 arch/arm/lib/built-in.o
 .text.enable_caches
                0x0000000000000000        0xc arch/arm/lib/built-in.o
 .text.invalidate_dcache_range
                0x0000000000000000        0x4 arch/arm/lib/built-in.o
 .text.flush_dcache_range
                0x0000000000000000        0x4 arch/arm/lib/built-in.o
 .text.flush_dcache_all
                0x0000000000000000        0xc arch/arm/lib/built-in.o
 .text.arm_init_before_mmu
                0x0000000000000000        0x4 arch/arm/lib/built-in.o
 .text.mmu_page_table_flush
                0x0000000000000000        0x4 arch/arm/lib/built-in.o
 .data          0x0000000000000000        0x0 arch/arm/lib/built-in.o
 .__secure_end  0x0000000000000000        0x0 arch/arm/lib/built-in.o
 .__secure_start
                0x0000000000000000        0x0 arch/arm/lib/built-in.o
 .bss           0x0000000000000000        0x0 arch/arm/lib/built-in.o
 .text.zynq_get_silicon_version
                0x0000000000000000       0x14 arch/arm/mach-zynq/built-in.o
 .text.zynq_slcr_get_boot_mode
                0x0000000000000000        0xc arch/arm/mach-zynq/built-in.o
 .text.zynq_clk_get_rate
                0x0000000000000000       0x20 arch/arm/mach-zynq/built-in.o
 .text.zynq_clk_get_name
                0x0000000000000000       0x18 arch/arm/mach-zynq/built-in.o
 .data          0x0000000000000000        0x0 arch/arm/mach-zynq/built-in.o
 .bss           0x0000000000000000        0x0 arch/arm/mach-zynq/built-in.o
 .text          0x0000000000000000        0x0 board/xilinx/zynq/built-in.o
 .text.board_late_init
                0x0000000000000000       0x54 board/xilinx/zynq/built-in.o
 .data          0x0000000000000000        0x0 board/xilinx/zynq/built-in.o
 .bss           0x0000000000000000        0x0 board/xilinx/zynq/built-in.o
 .text          0x0000000000000000        0x0 cmd/built-in.o
 .text.invalidate_icache_all
                0x0000000000000000        0xc cmd/built-in.o
 .text.flush_dcache_all
                0x0000000000000000        0xc cmd/built-in.o
 .text.soc_clk_dump
                0x0000000000000000       0x18 cmd/built-in.o
 .text.name_to_gpio
                0x0000000000000000        0xc cmd/built-in.o
 .data          0x0000000000000000        0x0 cmd/built-in.o
 .bss           0x0000000000000000        0x0 cmd/built-in.o
 .text          0x0000000000000000        0x0 common/built-in.o
 .text.hash_parse_string
                0x0000000000000000       0x68 common/built-in.o
 .text.hash_block
                0x0000000000000000       0x6c common/built-in.o
 .text.unset_local_var
                0x0000000000000000       0xa0 common/built-in.o
 .text.arch_cpu_init
                0x0000000000000000        0x8 common/built-in.o
 .text.red_led_off
                0x0000000000000000        0x4 common/built-in.o
 .text.green_led_on
                0x0000000000000000        0x4 common/built-in.o
 .text.green_led_off
                0x0000000000000000        0x4 common/built-in.o
 .text.yellow_led_on
                0x0000000000000000        0x4 common/built-in.o
 .text.yellow_led_off
                0x0000000000000000        0x4 common/built-in.o
 .text.blue_led_on
                0x0000000000000000        0x4 common/built-in.o
 .text.blue_led_off
                0x0000000000000000        0x4 common/built-in.o
 .text.arch_reserve_stacks
                0x0000000000000000        0x8 common/built-in.o
 .text.board_flash_wp_on
                0x0000000000000000        0x8 common/built-in.o
 .text.fixup_cpu
                0x0000000000000000        0x8 common/built-in.o
 .text.checkboard
                0x0000000000000000        0x8 common/built-in.o
 .text.env_flags_parse_varaccess_from_binflags
                0x0000000000000000       0x54 common/built-in.o
 .text.fdt_read_prop
[...]
Memory Configuration

Name             Origin             Length             Attributes
*default*        0x0000000000000000 0xffffffffffffffff

Linker script and memory map

Address of section .text set to 0x4000000
                0x0000000000000000                . = 0x0
                0x0000000000000000                . = ALIGN (0x4)

.text           0x0000000004000000    0x4df90
 *(.__image_copy_start)
 .__image_copy_start
                0x0000000004000000        0x0 arch/arm/lib/built-in.o
                0x0000000004000000                __image_copy_start
 *(.vectors)
 .vectors       0x0000000004000000      0x300 arch/arm/lib/built-in.o
                0x0000000004000000                _start
                0x0000000004000020                _undefined_instruction
                0x0000000004000024                _software_interrupt
                0x0000000004000028                _prefetch_abort
                0x000000000400002c                _data_abort
                0x0000000004000030                _not_used
                0x0000000004000034                _irq
                0x0000000004000038                _fiq
                0x0000000004000040                IRQ_STACK_START_IN
 arch/arm/cpu/armv7/start.o(.text*)
 .text          0x0000000004000300       0xb0 arch/arm/cpu/armv7/start.o
                0x0000000004000300                reset
                0x0000000004000304                save_boot_params_ret
                0x0000000004000340                c_runtime_cpu_setup
                0x0000000004000350                save_boot_params
                0x0000000004000354                cpu_init_cp15
                0x00000000040003a8                cpu_init_crit
 *(.text*)
 .text          0x00000000040003b0      0x148 arch/arm/cpu/armv7/built-in.o
                0x00000000040003b0                __v7_flush_dcache_all
                0x0000000004000444                v7_flush_dcache_all
                0x0000000004000454                __v7_invalidate_dcache_all
                0x00000000040004e8                v7_invalidate_dcache_all
 .text.invalidate_icache_all
                0x00000000040004f8       0x18 arch/arm/cpu/armv7/built-in.o
                0x00000000040004f8                invalidate_icache_all
 .text.v7_outer_cache_enable
                0x0000000004000510        0x4 arch/arm/cpu/armv7/built-in.o
                0x0000000004000510                v7_outer_cache_enable
 .text.v7_outer_cache_disable
                0x0000000004000514        0x4 arch/arm/cpu/armv7/built-in.o
                0x0000000004000514                v7_outer_cache_disable
 .text.v7_outer_cache_flush_all
                0x0000000004000518        0x4 arch/arm/cpu/armv7/built-in.o
                0x0000000004000518                v7_outer_cache_flush_all
 .text.flush_dcache_all
                0x000000000400051c       0x10 arch/arm/cpu/armv7/built-in.o
                0x000000000400051c                flush_dcache_all
 .text.v7_outer_cache_inval_all
                0x000000000400052c        0x4 arch/arm/cpu/armv7/built-in.o
                0x000000000400052c                v7_outer_cache_inval_all
 .text.invalidate_dcache_all
                0x0000000004000530       0x10 arch/arm/cpu/armv7/built-in.o
                0x0000000004000530                invalidate_dcache_all
 .text.arm_init_before_mmu
                0x0000000004000540       0x28 arch/arm/cpu/armv7/built-in.o
                0x0000000004000540                arm_init_before_mmu
 .text.v7_outer_cache_flush_range
                0x0000000004000568        0x4 arch/arm/cpu/armv7/built-in.o
                0x0000000004000568                v7_outer_cache_flush_range
 .text.flush_dcache_range
                0x000000000400056c       0x38 arch/arm/cpu/armv7/built-in.o
                0x000000000400056c                flush_dcache_range
 .text.mmu_page_table_flush
                0x00000000040005a4       0x24 arch/arm/cpu/armv7/built-in.o
                0x00000000040005a4                mmu_page_table_flush
 .text.v7_outer_cache_inval_range
                0x00000000040005c8        0x4 arch/arm/cpu/armv7/built-in.o
                0x00000000040005c8                v7_outer_cache_inval_range
 .text.invalidate_dcache_range
                0x00000000040005cc       0xa8 arch/arm/cpu/armv7/built-in.o
                0x00000000040005cc                invalidate_dcache_range
 .text.cpu_cache_initialization
                0x0000000004000674        0x4 arch/arm/cpu/armv7/built-in.o
                0x0000000004000674                cpu_cache_initialization
 .text.cleanup_before_linux_select
                0x0000000004000678       0x4c arch/arm/cpu/armv7/built-in.o
                0x0000000004000678                cleanup_before_linux_select
 .text.cleanup_before_linux
                0x00000000040006c4        0x8 arch/arm/cpu/armv7/built-in.o
                0x00000000040006c4                cleanup_before_linux
 .text          0x00000000040006cc       0x90 arch/arm/lib/built-in.o
                0x00000000040006cc                _main
 .text.relocate_vectors
                0x000000000400075c       0x70 arch/arm/lib/built-in.o
                0x000000000400075c                relocate_vectors
                0x0000000004000768                relocate_code
 .text.arch_fixup_fdt
                0x00000000040007cc       0x38 arch/arm/lib/built-in.o
                0x00000000040007cc                arch_fixup_fdt
 .text.boot_jump_linux
                0x0000000004000804       0xc4 arch/arm/lib/built-in.o
 .text.boot_prep_linux
                0x00000000040008c8       0x4c arch/arm/lib/built-in.o
 .text.arch_lmb_reserve
                0x0000000004000914       0x24 arch/arm/lib/built-in.o
                0x0000000004000914                arch_lmb_reserve
 .text.do_bootm_linux
                0x0000000004000938       0x64 arch/arm/lib/built-in.o
                0x0000000004000938                do_bootm_linux
 .text.boot_prep_vxworks
                0x000000000400099c       0x50 arch/arm/lib/built-in.o
                0x000000000400099c                boot_prep_vxworks
 .text.boot_jump_vxworks
                0x00000000040009ec        0xc arch/arm/lib/built-in.o
                0x00000000040009ec                boot_jump_vxworks
 .text.arch_reserve_stacks
                0x00000000040009f8       0x1c arch/arm/lib/built-in.o
                0x00000000040009f8                arch_reserve_stacks
 .text.interrupt_init
                0x0000000004000a14       0x1c arch/arm/lib/built-in.o
                0x0000000004000a14                interrupt_init
 .text.enable_interrupts
                0x0000000004000a30        0x4 arch/arm/lib/built-in.o
                0x0000000004000a30                enable_interrupts
 .text.disable_interrupts
                0x0000000004000a34        0x8 arch/arm/lib/built-in.o
                0x0000000004000a34                disable_interrupts
 .text.bad_mode
                0x0000000004000a3c       0x10 arch/arm/lib/built-in.o
                0x0000000004000a3c                bad_mode
 .text.show_regs
                0x0000000004000a4c      0x174 arch/arm/lib/built-in.o
                0x0000000004000a4c                show_regs
 .text.do_undefined_instruction
                0x0000000004000bc0       0x24 arch/arm/lib/built-in.o
                0x0000000004000bc0                do_undefined_instruction
 .text.do_software_interrupt
                0x0000000004000be4       0x24 arch/arm/lib/built-in.o
                0x0000000004000be4                do_software_interrupt
 .text.do_prefetch_abort
                0x0000000004000c08       0x24 arch/arm/lib/built-in.o
                0x0000000004000c08                do_prefetch_abort
 .text.do_data_abort
                0x0000000004000c2c       0x24 arch/arm/lib/built-in.o
                0x0000000004000c2c                do_data_abort
 .text.do_not_used
                0x0000000004000c50       0x24 arch/arm/lib/built-in.o
                0x0000000004000c50                do_not_used
 .text.do_fiq   0x0000000004000c74       0x24 arch/arm/lib/built-in.o
                0x0000000004000c74                do_fiq
 .text.do_irq   0x0000000004000c98       0x24 arch/arm/lib/built-in.o
                0x0000000004000c98                do_irq
 .text.reset_misc
                0x0000000004000cbc        0x4 arch/arm/lib/built-in.o
                0x0000000004000cbc                reset_misc
 .text.do_reset
                0x0000000004000cc0       0x30 arch/arm/lib/built-in.o
                0x0000000004000cc0                do_reset
 .text.flush_cache
                0x0000000004000cf0        0x8 arch/arm/lib/built-in.o
                0x0000000004000cf0                flush_cache
 .text.cp_delay
                0x0000000004000cf8       0x30 arch/arm/lib/built-in.o
 .text.arm_init_domains
                0x0000000004000d28        0x4 arch/arm/lib/built-in.o
                0x0000000004000d28                arm_init_domains
 .text.set_section_dcache
                0x0000000004000d2c       0x14 arch/arm/lib/built-in.o
                0x0000000004000d2c                set_section_dcache
 .text.mmu_set_region_dcache_behaviour
                0x0000000004000d40       0x50 arch/arm/lib/built-in.o
                0x0000000004000d40                mmu_set_region_dcache_behaviour
 .text.dram_bank_mmu_setup
                0x0000000004000d90       0x44 arch/arm/lib/built-in.o
                0x0000000004000d90                dram_bank_mmu_setup
 .text.icache_enable
                0x0000000004000dd4       0x18 arch/arm/lib/built-in.o
                0x0000000004000dd4                icache_enable
 .text.icache_disable
                0x0000000004000dec       0x20 arch/arm/lib/built-in.o
                0x0000000004000dec                icache_disable
 .text.icache_status
                0x0000000004000e0c        0xc arch/arm/lib/built-in.o
                0x0000000004000e0c                icache_status
 .text.dcache_enable
                0x0000000004000e18       0x78 arch/arm/lib/built-in.o
                0x0000000004000e18                dcache_enable
 .text.dcache_disable
                0x0000000004000e90       0x2c arch/arm/lib/built-in.o
                0x0000000004000e90                dcache_disable
 .text.dcache_status
                0x0000000004000ebc        0xc arch/arm/lib/built-in.o
                0x0000000004000ebc                dcache_status
 .text          0x0000000004000ec8       0x24 arch/arm/mach-zynq/built-in.o
                0x0000000004000ec8                lowlevel_init
 .text.timer_init
                0x0000000004000eec       0x68 arch/arm/mach-zynq/built-in.o
                0x0000000004000eec                timer_init
 .text.get_tbclk
                0x0000000004000f54        0x8 arch/arm/mach-zynq/built-in.o
                0x0000000004000f54                get_tbclk
 .text.arch_cpu_init
                0x0000000004000f5c       0x60 arch/arm/mach-zynq/built-in.o
                0x0000000004000f5c                arch_cpu_init
 .text.reset_cpu
                0x0000000004000fbc        0xc arch/arm/mach-zynq/built-in.o
                0x0000000004000fbc                reset_cpu
 .text.enable_caches
                0x0000000004000fc8        0x4 arch/arm/mach-zynq/built-in.o
                0x0000000004000fc8                enable_caches
 .text.zynq_ddrc_init
                0x0000000004000fcc       0x54 arch/arm/mach-zynq/built-in.o
                0x0000000004000fcc                zynq_ddrc_init
 .text.zynq_slcr_lock
                0x0000000004001020       0x2c arch/arm/mach-zynq/built-in.o
                0x0000000004001020                zynq_slcr_lock
 .text.zynq_slcr_unlock
                0x000000000400104c       0x2c arch/arm/mach-zynq/built-in.o
                0x000000000400104c                zynq_slcr_unlock
 .text.zynq_slcr_cpu_reset
                0x0000000004001078       0x24 arch/arm/mach-zynq/built-in.o
                0x0000000004001078                zynq_slcr_cpu_reset
 .text.zynq_slcr_gem_clk_setup
                0x000000000400109c       0x68 arch/arm/mach-zynq/built-in.o
                0x000000000400109c                zynq_slcr_gem_clk_setup
 .text.zynq_slcr_devcfg_disable
                0x0000000004001104       0x30 arch/arm/mach-zynq/built-in.o
                0x0000000004001104                zynq_slcr_devcfg_disable
 .text.zynq_slcr_devcfg_enable
                0x0000000004001134       0x24 arch/arm/mach-zynq/built-in.o
                0x0000000004001134                zynq_slcr_devcfg_enable
 .text.zynq_slcr_get_idcode
                0x0000000004001158       0x10 arch/arm/mach-zynq/built-in.o
                0x0000000004001158                zynq_slcr_get_idcode
 .text.zynq_slcr_get_mio_pin_status
                0x0000000004001168       0xa4 arch/arm/mach-zynq/built-in.o
                0x0000000004001168                zynq_slcr_get_mio_pin_status
 .text.ddr2x_get_rate
                0x000000000400120c       0x3c arch/arm/mach-zynq/built-in.o
 .text.ddr3x_get_rate
                0x0000000004001248       0x3c arch/arm/mach-zynq/built-in.o
 .text.zynq_clk_periph_get_rate
                0x0000000004001284       0x7c arch/arm/mach-zynq/built-in.o
 .text.__zynq_clk_pll_get_rate
                0x0000000004001300       0x20 arch/arm/mach-zynq/built-in.o
 .text.zynq_clk_pll_get_rate
                0x0000000004001320        0x8 arch/arm/mach-zynq/built-in.o
 .text.zynq_clk_periph_set_rate
                0x0000000004001328      0x11c arch/arm/mach-zynq/built-in.o
 .text.zynq_clk_register_periph_clk
                0x0000000004001444       0x5c arch/arm/mach-zynq/built-in.o
 .text.zynq_clk_early_init
                0x00000000040014a0       0x5c arch/arm/mach-zynq/built-in.o
                0x00000000040014a0                zynq_clk_early_init
 .text.get_uart_clk
                0x00000000040014fc       0x54 arch/arm/mach-zynq/built-in.o
                0x00000000040014fc                get_uart_clk
 .text.set_cpu_clk_info
                0x0000000004001550      0x604 arch/arm/mach-zynq/built-in.o
                0x0000000004001550                set_cpu_clk_info
 .text.zynq_clk_set_rate
                0x0000000004001b54       0x38 arch/arm/mach-zynq/built-in.o
                0x0000000004001b54                zynq_clk_set_rate
 .text.soc_clk_dump
                0x0000000004001b8c       0x50 arch/arm/mach-zynq/built-in.o
                0x0000000004001b8c                soc_clk_dump
 .text.board_init
                0x0000000004001bdc       0xdc board/xilinx/zynq/built-in.o
                0x0000000004001bdc                board_init
 .text.checkboard
                0x0000000004001cb8       0x18 board/xilinx/zynq/built-in.o
                0x0000000004001cb8                checkboard
 .text.zynq_board_read_rom_ethaddr
                0x0000000004001cd0       0x80 board/xilinx/zynq/built-in.o
                0x0000000004001cd0                zynq_board_read_rom_ethaddr
 .text.dram_init
                0x0000000004001d50       0x18 board/xilinx/zynq/built-in.o
                0x0000000004001d50                dram_init
 .text.do_go_exec
                0x0000000004001d68       0x10 cmd/built-in.o
                0x0000000004001d68                do_go_exec
 .text.do_go    0x0000000004001d78       0x6c cmd/built-in.o
 .text.do_bootm
                0x0000000004001de4      0x110 cmd/built-in.o
                0x0000000004001de4                do_bootm
 .text.do_bootd
                0x0000000004001ef4       0x20 cmd/built-in.o
                0x0000000004001ef4                do_bootd
 .text.image_info
                0x0000000004001f14       0x8c cmd/built-in.o
 .text.do_iminfo
                0x0000000004001fa0       0x5c cmd/built-in.o
 .text.bootm_maybe_autostart
                0x0000000004001ffc       0x78 cmd/built-in.o
                0x0000000004001ffc                bootm_maybe_autostart
 .text.do_help  0x0000000004002074       0x44 cmd/built-in.o
 .text.do_version
                0x00000000040020b8       0x38 cmd/built-in.o
 .text.source   0x00000000040020f0      0x108 cmd/built-in.o
                0x00000000040020f0                source
 .text.do_source
                0x00000000040021f8       0x70 cmd/built-in.o
 .text.print_num
                0x0000000004002268       0x14 cmd/built-in.o
 .text.do_bdinfo
                0x000000000400227c       0xfc cmd/built-in.o
 .text.bootefi_open_dp
                0x0000000004002378       0x14 cmd/built-in.o
 .text.do_bootefi_exec
                0x000000000400238c      0x28c cmd/built-in.o
 .text.do_bootefi
                0x0000000004002618       0x8c cmd/built-in.o
 .text.efi_set_bootdev
                0x00000000040026a4       0xcc cmd/built-in.o
                0x00000000040026a4                efi_set_bootdev
 .text.parse_argv
                0x0000000004002770       0x64 cmd/built-in.o
 .text.do_icache
                0x00000000040027d4       0x88 cmd/built-in.o
 .text.do_dcache
                0x000000000400285c       0x88 cmd/built-in.o
 .text.do_clk   0x00000000040028e4       0x64 cmd/built-in.o
 .text.do_clk_dump
                0x0000000004002948        0x4 cmd/built-in.o
 .text.do_coninfo
                0x000000000400294c       0xb0 cmd/built-in.o
 .text.do_echo  0x00000000040029fc       0xb0 cmd/built-in.o
 .text.parse_numeric_param
                0x0000000004002aac       0x28 cmd/built-in.o
 .text.parse_i2c_bus_addr
                0x0000000004002ad4       0x8c cmd/built-in.o
 .text.eeprom_write_enable
                0x0000000004002b60        0x8 cmd/built-in.o
                0x0000000004002b60                eeprom_write_enable
 .text.eeprom_init
                0x0000000004002b68       0x28 cmd/built-in.o
                0x0000000004002b68                eeprom_init
 .text.eeprom_read
                0x0000000004002b90       0x78 cmd/built-in.o
                0x0000000004002b90                eeprom_read
 .text.eeprom_write
                0x0000000004002c08       0x9c cmd/built-in.o
                0x0000000004002c08                eeprom_write
 .text.do_eeprom
                0x0000000004002ca4      0x194 cmd/built-in.o
                0x0000000004002ca4                do_eeprom
 .text.load_elf_image_shdr
                0x0000000004002e38       0x8c cmd/built-in.o
 .text.valid_elf_image
                0x0000000004002ec4       0x4c cmd/built-in.o
                0x0000000004002ec4                valid_elf_image
 .text.do_bootelf
                0x0000000004002f10      0x1b0 cmd/built-in.o
                0x0000000004002f10                do_bootelf
 .text.do_bootvx
                0x00000000040030c0      0x330 cmd/built-in.o
                0x00000000040030c0                do_bootvx
 .text.do_exit  0x00000000040033f0       0x3c cmd/built-in.o
 .text.do_ext4_size
                0x000000000400342c       0x18 cmd/built-in.o
                0x000000000400342c                do_ext4_size
 .text.do_ext4_load
                0x0000000004003444       0x18 cmd/built-in.o
                0x0000000004003444                do_ext4_load
 .text.do_ext4_ls
                0x000000000400345c       0x18 cmd/built-in.o
                0x000000000400345c                do_ext4_ls
 .text.do_ext4_write
                0x0000000004003474       0x18 cmd/built-in.o
                0x0000000004003474                do_ext4_write
 .text.do_ext2load
                0x000000000400348c       0x18 cmd/built-in.o
                0x000000000400348c                do_ext2load
 .text.do_ext2ls
                0x00000000040034a4       0x18 cmd/built-in.o
 .text.do_fat_size
                0x00000000040034bc       0x18 cmd/built-in.o
                0x00000000040034bc                do_fat_size
 .text.do_fat_fsload
                0x00000000040034d4       0x18 cmd/built-in.o
                0x00000000040034d4                do_fat_fsload
 .text.do_fat_ls
                0x00000000040034ec       0x18 cmd/built-in.o
 .text.do_fat_fsinfo
                0x0000000004003504       0x90 cmd/built-in.o
 .text.do_fat_fswrite
                0x0000000004003594      0x10c cmd/built-in.o
 .text.fdt_valid
                0x00000000040036a0       0xbc cmd/built-in.o
 .text.is_printable_string
                0x000000000400375c       0x98 cmd/built-in.o
 .text.print_data
                0x00000000040037f4      0x174 cmd/built-in.o
 .text.set_working_fdt_addr
                0x0000000004003968       0x1c cmd/built-in.o
                0x0000000004003968                set_working_fdt_addr
 .text.do_fdt   0x0000000004003984      0xf88 cmd/built-in.o
 .text.do_fpga  0x000000000400490c      0x2b0 cmd/built-in.o
                0x000000000400490c                do_fpga
 .text.do_size_wrapper
                0x0000000004004bbc       0x18 cmd/built-in.o
 .text.do_load_wrapper
                0x0000000004004bd4       0x64 cmd/built-in.o
 .text.do_save_wrapper
                0x0000000004004c38       0x18 cmd/built-in.o
 .text.do_ls_wrapper
                0x0000000004004c50       0x18 cmd/built-in.o
 .text.do_fstype_wrapper
                0x0000000004004c68        0x4 cmd/built-in.o
 .text.gpio_get_description
                0x0000000004004c6c       0xc8 cmd/built-in.o
 .text.do_gpio  0x0000000004004d34      0x370 cmd/built-in.o
 .text.do_i2c   0x00000000040050a4       0x64 cmd/built-in.o
 .text.do_i2c_bus_speed
                0x0000000004005108       0x78 cmd/built-in.o
 .text.do_i2c_reset
                0x0000000004005180       0x2c cmd/built-in.o
 .text.do_i2c_probe
                0x00000000040051ac       0x9c cmd/built-in.o
 .text.do_i2c_bus_num
                0x0000000004005248       0xb8 cmd/built-in.o
 .text.do_i2c_show_bus
                0x0000000004005300       0xd0 cmd/built-in.o
 .text.get_alen.constprop.4
                0x00000000040053d0       0x3c cmd/built-in.o
 .text.do_i2c_crc
                0x000000000400540c      0x120 cmd/built-in.o
 .text.do_i2c_read
                0x000000000400552c       0xbc cmd/built-in.o
 .text.do_i2c_md
                0x00000000040055e8      0x1e8 cmd/built-in.o
 .text.do_i2c_mw
                0x00000000040057d0       0xfc cmd/built-in.o
 .text.do_edid  0x00000000040058cc       0x9c cmd/built-in.o
                0x00000000040058cc                do_edid
 .text.do_i2c_write
                0x0000000004005968      0x14c cmd/built-in.o
 .text.mod_i2c_mem.isra.3
                0x0000000004005ab4      0x204 cmd/built-in.o
 .text.do_i2c_nm
                0x0000000004005cb8        0x8 cmd/built-in.o
 .text.do_i2c_mm
                0x0000000004005cc0        0x8 cmd/built-in.o
 .text.do_i2c_loop
                0x0000000004005cc8       0xe4 cmd/built-in.o
 .text.i2c_init_board
                0x0000000004005dac        0x4 cmd/built-in.o
                0x0000000004005dac                i2c_init_board
 .text.evalexp  0x0000000004005db0       0x70 cmd/built-in.o
 .text.evalstr  0x0000000004005e20       0x6c cmd/built-in.o
 .text.binary_test
                0x0000000004005e8c      0x1b8 cmd/built-in.o
 .text.do_itest
                0x0000000004006044       0x88 cmd/built-in.o
 .text.bin_data_init
                0x00000000040060cc       0x2c cmd/built-in.o
 .text.k_data_save
                0x00000000040060f8       0x4c cmd/built-in.o
 .text.k_data_restore
                0x0000000004006144       0x4c cmd/built-in.o
 .text.write_record
                0x0000000004006190       0x30 cmd/built-in.o
 .text.do_save_serial
                0x00000000040061c0      0x194 cmd/built-in.o
                0x00000000040061c0                do_save_serial
 .text.getcxmodem
                0x0000000004006354       0x20 cmd/built-in.o
 .text.load_serial_ymodem
                0x0000000004006374       0xcc cmd/built-in.o
 .text.bin_data_char
                0x0000000004006440       0x2c cmd/built-in.o
 .text.chk1.constprop.1
                0x000000000400646c       0x2c cmd/built-in.o
 .text.s1_sendpacket.constprop.2
                0x0000000004006498       0x50 cmd/built-in.o
 .text.load_serial
                0x00000000040064e8      0x1e0 cmd/built-in.o
 .text.do_load_serial
                0x00000000040066c8       0xdc cmd/built-in.o
 .text.do_load_serial_bin
                0x00000000040067a4      0x7a0 cmd/built-in.o
 .text.do_mem_mw
                0x0000000004006f44       0xc0 cmd/built-in.o
 .text.do_mem_loop
                0x0000000004007004       0xec cmd/built-in.o
 .text.do_mem_md
                0x00000000040070f0       0xec cmd/built-in.o
 .text.do_mem_cmp
                0x00000000040071dc      0x164 cmd/built-in.o
 .text.do_mem_base
                0x0000000004007340       0x40 cmd/built-in.o
 .text.do_mem_cp
                0x0000000004007380       0xd8 cmd/built-in.o
 .text.do_mem_crc
                0x0000000004007458       0x48 cmd/built-in.o
 .text.mod_mem.isra.2
                0x00000000040074a0      0x164 cmd/built-in.o
 .text.do_mem_mm
                0x0000000004007604        0x8 cmd/built-in.o
 .text.do_mem_nm
                0x000000000400760c        0x8 cmd/built-in.o
 .text.extract_range
                0x0000000004007614       0xe4 cmd/built-in.o
 .text.do_mii   0x00000000040076f8      0x8e8 cmd/built-in.o
 .text.do_mdio  0x0000000004007fe0      0x4dc cmd/built-in.o
 .text.do_sleep
                0x00000000040084bc       0x70 cmd/built-in.o
 .text.do_mmcops
                0x000000000400852c       0xb4 cmd/built-in.o
 .text.init_mmc_device
                0x00000000040085e0       0x54 cmd/built-in.o
 .text.do_mmc_rescan
                0x0000000004008634       0x24 cmd/built-in.o
 .text.do_mmc_hwpartition
                0x0000000004008658      0x518 cmd/built-in.o
 .text.do_mmc_list
                0x0000000004008b70       0x14 cmd/built-in.o
 .text.do_mmc_dev
                0x0000000004008b84      0x140 cmd/built-in.o
 .text.do_mmc_part
                0x0000000004008cc4       0x60 cmd/built-in.o
 .text.do_mmc_erase
                0x0000000004008d24       0xec cmd/built-in.o
 .text.do_mmc_write
                0x0000000004008e10      0x104 cmd/built-in.o
 .text.do_mmc_read
                0x0000000004008f14       0xf0 cmd/built-in.o
 .text.do_mmcinfo
                0x0000000004009004      0x370 cmd/built-in.o
 .text.do_mmc_setdsr
                0x0000000004009374       0xb0 cmd/built-in.o
 .text.netboot_common
                0x0000000004009424      0x2c8 cmd/built-in.o
 .text.do_bootp
                0x00000000040096ec        0xc cmd/built-in.o
 .text.do_tftpput
                0x00000000040096f8        0xc cmd/built-in.o
                0x00000000040096f8                do_tftpput
 .text.do_dhcp  0x0000000004009704        0xc cmd/built-in.o
 .text.do_nfs   0x0000000004009710        0xc cmd/built-in.o
 .text.do_tftpb
                0x000000000400971c       0x40 cmd/built-in.o
                0x000000000400971c                do_tftpb
 .text.do_ping  0x000000000400975c       0x78 cmd/built-in.o
 .text.bytes_per_second
                0x00000000040097d4       0x50 cmd/built-in.o
 .text.do_spi_flash
                0x0000000004009824      0x8c4 cmd/built-in.o
 .text.do_spi   0x000000000400a0e8      0x2a0 cmd/built-in.o
                0x000000000400a0e8                do_spi
 .text.do_false
                0x000000000400a388        0x8 cmd/built-in.o
 .text.do_true  0x000000000400a390        0x8 cmd/built-in.o
 .text.do_test  0x000000000400a398      0x33c cmd/built-in.o
 .text.usb_get_class_desc
                0x000000000400a6d4       0xbc cmd/built-in.o
 .text.usb_find_device
                0x000000000400a790       0x3c cmd/built-in.o
 .text.usb_show_tree_graph
                0x000000000400a7cc      0x228 cmd/built-in.o
 .text.usb_display_class_sub
                0x000000000400a9f4      0x170 cmd/built-in.o
 .text.usb_display_string
                0x000000000400ab64       0x44 cmd/built-in.o
 .text.usb_display_config
                0x000000000400aba8      0x20c cmd/built-in.o
 .text.do_usbboot
                0x000000000400adb4        0xc cmd/built-in.o
 .text.usb_display_desc.part.5
                0x000000000400adc0      0x12c cmd/built-in.o
 .text.do_usb_start
                0x000000000400aeec       0x30 cmd/built-in.o
 .text.usb_show_tree
                0x000000000400af1c       0x54 cmd/built-in.o
                0x000000000400af1c                usb_show_tree
 .text.do_usb   0x000000000400af70      0x778 cmd/built-in.o
 .text.do_thor_down
                0x000000000400b6e8      0x108 cmd/built-in.o
                0x000000000400b6e8                do_thor_down
 .text.do_imgextract
                0x000000000400b7f0      0x2b0 cmd/built-in.o
 .text.do_dfu   0x000000000400baa0      0x17c cmd/built-in.o
 .text.do_env_delete
                0x000000000400bc1c       0x9c cmd/built-in.o
 .text.do_env_exists
                0x000000000400bcb8       0x64 cmd/built-in.o
 .text.do_env_save
                0x000000000400bd1c       0x2c cmd/built-in.o
 .text.do_env   0x000000000400bd48       0x64 cmd/built-in.o
 .text.env_print
                0x000000000400bdac       0xc0 cmd/built-in.o
 .text.do_env_print
                0x000000000400be6c       0xc8 cmd/built-in.o
 .text.do_env_import
                0x000000000400bf34      0x28c cmd/built-in.o
 .text.do_env_default
                0x000000000400c1c0       0xa8 cmd/built-in.o
 .text._do_env_set.isra.1
                0x000000000400c268      0x1bc cmd/built-in.o
 .text.do_env_set
                0x000000000400c424       0x20 cmd/built-in.o
 .text.do_env_ask
                0x000000000400c444      0x160 cmd/built-in.o
                0x000000000400c444                do_env_ask
 .text.get_env_id
                0x000000000400c5a4       0x10 cmd/built-in.o
                0x000000000400c5a4                get_env_id
 .text.setenv   0x000000000400c5b4       0x60 cmd/built-in.o
                0x000000000400c5b4                setenv
 .text.setenv_ulong
                0x000000000400c614       0x20 cmd/built-in.o
                0x000000000400c614                setenv_ulong
 .text.setenv_hex
                0x000000000400c634       0x34 cmd/built-in.o
                0x000000000400c634                setenv_hex
 .text.do_env_export
                0x000000000400c668      0x250 cmd/built-in.o
 .text.envmatch
                0x000000000400c8b8       0x6c cmd/built-in.o
                0x000000000400c8b8                envmatch
 .text.getenv_f
                0x000000000400c924       0xc8 cmd/built-in.o
                0x000000000400c924                getenv_f
 .text.getenv   0x000000000400c9ec       0x78 cmd/built-in.o
                0x000000000400c9ec                getenv
 .text.getenv_hex
                0x000000000400ca64       0x3c cmd/built-in.o
                0x000000000400ca64                getenv_hex
 .text.getenv_ulong
                0x000000000400caa0       0x30 cmd/built-in.o
                0x000000000400caa0                getenv_ulong
 .text.do_env_edit.part.3
                0x000000000400cad0       0xb0 cmd/built-in.o
 .text.do_env_edit
                0x000000000400cb80       0x2c cmd/built-in.o
 .text.common_diskboot
                0x000000000400cbac      0x248 cmd/built-in.o
                0x000000000400cbac                common_diskboot
 .text.board_init_f_alloc_reserve
                0x000000000400cdf4       0x10 common/built-in.o
                0x000000000400cdf4                board_init_f_alloc_reserve
 .text.board_init_f_init_reserve
                0x000000000400ce04       0x20 common/built-in.o
                0x000000000400ce04                board_init_f_init_reserve
 .text.show_boot_progress
                0x000000000400ce24        0x8 common/built-in.o
                0x000000000400ce24                show_boot_progress
 .text.main_loop
                0x000000000400ce2c       0x6c common/built-in.o
                0x000000000400ce2c                main_loop
 .text.dummy    0x000000000400ce98        0x4 common/built-in.o
 .text.get_version
                0x000000000400ce9c        0x8 common/built-in.o
                0x000000000400ce9c                get_version
 .text.jumptable_init
                0x000000000400cea4      0x1f8 common/built-in.o
                0x000000000400cea4                jumptable_init
 .text.hash_finish_crc32
                0x000000000400d09c       0x30 common/built-in.o
 .text.hash_update_crc32
                0x000000000400d0cc       0x24 common/built-in.o
 .text.hash_init_crc32
                0x000000000400d0f0       0x24 common/built-in.o
 .text.hash_finish_sha256
                0x000000000400d114       0x38 common/built-in.o
 .text.hash_update_sha256
                0x000000000400d14c       0x1c common/built-in.o
 .text.hash_init_sha256
                0x000000000400d168       0x24 common/built-in.o
 .text.hash_finish_sha1
                0x000000000400d18c       0x38 common/built-in.o
 .text.hash_update_sha1
                0x000000000400d1c4       0x1c common/built-in.o
 .text.hash_init_sha1
                0x000000000400d1e0       0x24 common/built-in.o
 .text.hash_lookup_algo
                0x000000000400d204       0x58 common/built-in.o
                0x000000000400d204                hash_lookup_algo
 .text.hash_progressive_lookup_algo
                0x000000000400d25c       0x60 common/built-in.o
                0x000000000400d25c                hash_progressive_lookup_algo
 .text.hash_command
                0x000000000400d2bc      0x1b8 common/built-in.o
                0x000000000400d2bc                hash_command
 .text.b_reset  0x000000000400d474       0x1c common/built-in.o
 .text.static_get
                0x000000000400d490       0x1c common/built-in.o
 .text.static_peek
                0x000000000400d4ac        0xc common/built-in.o
 .text.file_peek
                0x000000000400d4b8        0xc common/built-in.o
 .text.mapset   0x000000000400d4c4       0x20 common/built-in.o
 .text.syntax_err
                0x000000000400d4e4        0xc common/built-in.o
 .text.free_pipe_list
                0x000000000400d4f0       0xf0 common/built-in.o
 .text.xmalloc  0x000000000400d5e0       0x20 common/built-in.o
 .text.new_pipe
                0x000000000400d600       0x28 common/built-in.o
 .text.xrealloc
                0x000000000400d628       0x20 common/built-in.o
 .text.done_command
                0x000000000400d648       0x88 common/built-in.o
 .text.done_pipe
                0x000000000400d6d0       0x48 common/built-in.o
 .text.done_word
                0x000000000400d718      0x2e4 common/built-in.o
 .text.do_showvar
                0x000000000400d9fc       0xfc common/built-in.o
 .text.is_assignment
                0x000000000400daf8       0x5c common/built-in.o
 .text.file_get
                0x000000000400db54      0x1f0 common/built-in.o
 .text.b_addchr
                0x000000000400dd44       0x78 common/built-in.o
 .text.b_addqchr
                0x000000000400ddbc       0x50 common/built-in.o
 .text.get_local_var
                0x000000000400de0c       0xa0 common/built-in.o
                0x000000000400de0c                get_local_var
 .text.set_local_var
                0x000000000400deac      0x1bc common/built-in.o
                0x000000000400deac                set_local_var
 .text.insert_var_value_sub
                0x000000000400e068      0x2c0 common/built-in.o
 .text.parse_string_outer
                0x000000000400e328       0xe4 common/built-in.o
                0x000000000400e328                parse_string_outer
 .text.run_list_real
                0x000000000400e40c      0x7ec common/built-in.o
 .text.parse_stream_outer
                0x000000000400ebf8      0x6cc common/built-in.o
 .text.parse_file_outer
                0x000000000400f2c4       0x44 common/built-in.o
                0x000000000400f2c4                parse_file_outer
 .text.u_boot_hush_start
                0x000000000400f308       0x54 common/built-in.o
                0x000000000400f308                u_boot_hush_start
 .text.bootdelay_process
                0x000000000400f35c       0xbc common/built-in.o
                0x000000000400f35c                bootdelay_process
 .text.autoboot_command
                0x000000000400f418       0xf8 common/built-in.o
                0x000000000400f418                autoboot_command
 .text.print_cpuinfo
                0x000000000400f510        0x8 common/built-in.o
 .text.display_text_info
                0x000000000400f518        0x8 common/built-in.o
 .text.setup_mon_len
                0x000000000400f520       0x20 common/built-in.o
 .text.reserve_round_4k
                0x000000000400f540       0x18 common/built-in.o
 .text.reserve_mmu
                0x000000000400f558       0x38 common/built-in.o
 .text.reserve_trace
                0x000000000400f590        0x8 common/built-in.o
 .text.reserve_uboot
                0x000000000400f598       0x30 common/built-in.o
 .text.reserve_malloc
                0x000000000400f5c8       0x18 common/built-in.o
 .text.setup_machine
                0x000000000400f5e0        0x8 common/built-in.o
 .text.reserve_global_data
                0x000000000400f5e8       0x1c common/built-in.o
 .text.reserve_fdt
                0x000000000400f604        0x8 common/built-in.o
 .text.display_new_sp
                0x000000000400f60c        0x8 common/built-in.o
 .text.reloc_fdt
                0x000000000400f614        0x8 common/built-in.o
 .text.initf_console_record
                0x000000000400f61c        0x8 common/built-in.o
 .text.reserve_arch
                0x000000000400f624        0x8 common/built-in.o
                0x000000000400f624                reserve_arch
 .text.arch_cpu_init_dm
                0x000000000400f62c        0x8 common/built-in.o
                0x000000000400f62c                arch_cpu_init_dm
 .text.announce_dram_init
                0x000000000400f634       0x18 common/built-in.o
 .text.init_func_i2c
                0x000000000400f64c       0x28 common/built-in.o
 .text.init_baud_rate
                0x000000000400f674       0x2c common/built-in.o
 .text.mark_bootstage
                0x000000000400f6a0       0x14 common/built-in.o
 .text.initf_dm
                0x000000000400f6b4        0x8 common/built-in.o
 .text.setup_reloc
                0x000000000400f6bc       0x3c common/built-in.o
 .text.reserve_board
                0x000000000400f6f8       0x40 common/built-in.o
 .text.coloured_LED_init
                0x000000000400f738        0x4 common/built-in.o
                0x000000000400f738                coloured_LED_init
 .text.red_led_on
                0x000000000400f73c        0x4 common/built-in.o
                0x000000000400f73c                red_led_on
 .text.board_add_ram_info
                0x000000000400f740        0x4 common/built-in.o
                0x000000000400f740                board_add_ram_info
 .text.show_dram_config
                0x000000000400f744       0x38 common/built-in.o
 .text.dram_init_banksize
                0x000000000400f77c       0x20 common/built-in.o
                0x000000000400f77c                dram_init_banksize
 .text.setup_dram_config
                0x000000000400f79c       0x10 common/built-in.o
 .text.board_get_usable_ram_top
                0x000000000400f7ac        0xc common/built-in.o
                0x000000000400f7ac                board_get_usable_ram_top
 .text.board_reserve_ram_top
                0x000000000400f7b8        0x4 common/built-in.o
                0x000000000400f7b8                board_reserve_ram_top
 .text.setup_dest_addr
                0x000000000400f7bc       0x4c common/built-in.o
 .text.reserve_stacks
                0x000000000400f808       0x1c common/built-in.o
 .text.board_init_f
                0x000000000400f824       0x28 common/built-in.o
                0x000000000400f824                board_init_f
 .text.bootstage_relocate
                0x000000000400f84c        0x8 common/built-in.o
 .text.initr_trace
                0x000000000400f854        0x8 common/built-in.o
 .text.initr_reloc
                0x000000000400f85c       0x18 common/built-in.o
 .text.initr_barrier
                0x000000000400f874        0x8 common/built-in.o
 .text.initr_console_record
                0x000000000400f87c        0x8 common/built-in.o
 .text.power_init_board
                0x000000000400f884        0x8 common/built-in.o
                0x000000000400f884                power_init_board
 .text.initr_announce
                0x000000000400f88c        0x8 common/built-in.o
 .text.run_main_loop
                0x000000000400f894        0xc common/built-in.o
 .text.initr_net
                0x000000000400f8a0       0x1c common/built-in.o
 .text.initr_ethaddr
                0x000000000400f8bc       0x20 common/built-in.o
 .text.initr_enable_interrupts
                0x000000000400f8dc       0x10 common/built-in.o
 .text.initr_jumptable
                0x000000000400f8ec       0x10 common/built-in.o
 .text.initr_env
                0x000000000400f8fc       0x64 common/built-in.o
 .text.initr_mmc
                0x000000000400f960       0x20 common/built-in.o
 .text.initr_serial
                0x000000000400f980       0x10 common/built-in.o
 .text.initr_bootstage
                0x000000000400f990       0x14 common/built-in.o
 .text.initr_dm
                0x000000000400f9a4       0x14 common/built-in.o
 .text.initr_malloc
                0x000000000400f9b8       0x24 common/built-in.o
 .text.initr_reloc_global_data
                0x000000000400f9dc       0x48 common/built-in.o
 .text.initr_caches
                0x000000000400fa24       0x10 common/built-in.o
 .text.cpu_secondary_init_r
                0x000000000400fa34        0x4 common/built-in.o
                0x000000000400fa34                cpu_secondary_init_r
 .text.initr_secondary_cpu
                0x000000000400fa38       0x10 common/built-in.o
 .text.board_init_r
                0x000000000400fa48       0x14 common/built-in.o
                0x000000000400fa48                board_init_r
 .text.show_board_info
                0x000000000400fa5c       0x38 common/built-in.o
                0x000000000400fa5c                show_board_info
 .text.bootm_find_images
                0x000000000400fa94      0x100 common/built-in.o
                0x000000000400fa94                bootm_find_images
 .text.bootm_decomp_image
                0x000000000400fb94      0x14c common/built-in.o
                0x000000000400fb94                bootm_decomp_image
 .text.bootm_disable_interrupts
                0x000000000400fce0       0x1c common/built-in.o
                0x000000000400fce0                bootm_disable_interrupts
 .text.do_bootm_states
                0x000000000400fcfc      0x6e0 common/built-in.o
                0x000000000400fcfc                do_bootm_states
 .text.copy_args
                0x00000000040103dc       0x50 common/built-in.o
 .text.do_bootm_rtems
                0x000000000401042c       0x70 common/built-in.o
 .text.do_bootm_plan9
                0x000000000401049c       0xd4 common/built-in.o
 .text.do_bootm_standalone
                0x0000000004010570       0x64 common/built-in.o
 .text.do_bootm_qnxelf
                0x00000000040105d4       0x8c common/built-in.o
 .text.do_bootm_netbsd
                0x0000000004010660      0x128 common/built-in.o
 .text.do_bootvx_fdt
                0x0000000004010788      0x118 common/built-in.o
                0x0000000004010788                do_bootvx_fdt
 .text.do_bootm_vxworks
                0x00000000040108a0       0x54 common/built-in.o
 .text.arch_preboot_os
                0x00000000040108f4        0x4 common/built-in.o
                0x00000000040108f4                arch_preboot_os
 .text.boot_selected_os
                0x00000000040108f8       0x58 common/built-in.o
                0x00000000040108f8                boot_selected_os
 .text.bootm_os_get_boot_func
                0x0000000004010950       0x10 common/built-in.o
                0x0000000004010950                bootm_os_get_boot_func
 .text.regex_callback
                0x0000000004010960      0x134 common/built-in.o
 .text.env_attr_walk
                0x0000000004010a94      0x11c common/built-in.o
                0x0000000004010a94                env_attr_walk
 .text.env_attr_lookup
                0x0000000004010bb0       0x84 common/built-in.o
                0x0000000004010bb0                env_attr_lookup
 .text.clear_callback
                0x0000000004010c34       0x10 common/built-in.o
 .text.find_env_callback
                0x0000000004010c44       0x68 common/built-in.o
 .text.on_callbacks
                0x0000000004010cac       0x50 common/built-in.o
 .text.set_callback
                0x0000000004010cfc       0x98 common/built-in.o
 .text.env_callback_init
                0x0000000004010d94       0xc4 common/built-in.o
                0x0000000004010d94                env_callback_init
 .text.skip_num
                0x0000000004010e58       0x70 common/built-in.o
 .text.clear_flags
                0x0000000004010ec8       0x10 common/built-in.o
 .text.on_flags
                0x0000000004010ed8       0x50 common/built-in.o
 .text.env_flags_parse_vartype
                0x0000000004010f28       0x50 common/built-in.o
                0x0000000004010f28                env_flags_parse_vartype
 .text.env_flags_parse_varaccess
                0x0000000004010f78       0x58 common/built-in.o
                0x0000000004010f78                env_flags_parse_varaccess
 .text.set_flags
                0x0000000004010fd0       0xb0 common/built-in.o
 .text.eth_validate_ethaddr_str
                0x0000000004011080       0x94 common/built-in.o
                0x0000000004011080                eth_validate_ethaddr_str
 .text.env_flags_init
                0x0000000004011114       0xd8 common/built-in.o
                0x0000000004011114                env_flags_init
 .text.env_flags_validate
                0x00000000040111ec      0x2b8 common/built-in.o
                0x00000000040111ec                env_flags_validate
 .text.saveenv  0x00000000040114a4       0xdc common/built-in.o
                0x00000000040114a4                saveenv
 .text.env_relocate_spec
                0x0000000004011580       0xcc common/built-in.o
                0x0000000004011580                env_relocate_spec
 .text.env_init
                0x000000000401164c       0x1c common/built-in.o
                0x000000000401164c                env_init
 .text.of_bus_default_map
                0x0000000004011668       0xdc common/built-in.o
 .text.of_bus_default_count_cells
                0x0000000004011744       0x58 common/built-in.o
                0x0000000004011744                of_bus_default_count_cells
 .text.of_bus_default_translate
                0x000000000401179c       0xa4 common/built-in.o
 .text.fdt_find_and_setprop
                0x0000000004011840       0x70 common/built-in.o
                0x0000000004011840                fdt_find_and_setprop
 .text.fdt_find_or_add_subnode
                0x00000000040118b0       0x68 common/built-in.o
                0x00000000040118b0                fdt_find_or_add_subnode
 .text.fdt_root
                0x0000000004011918       0x90 common/built-in.o
                0x0000000004011918                fdt_root
 .text.fdt_initrd
                0x00000000040119a8      0x1c8 common/built-in.o
                0x00000000040119a8                fdt_initrd
 .text.fdt_chosen
                0x0000000004011b70       0xa8 common/built-in.o
                0x0000000004011b70                fdt_chosen
 .text.do_fixup_by_path
                0x0000000004011c18       0x54 common/built-in.o
                0x0000000004011c18                do_fixup_by_path
 .text.fdt_fixup_memory_banks
                0x0000000004011c6c      0x1ac common/built-in.o
                0x0000000004011c6c                fdt_fixup_memory_banks
 .text.fdt_fixup_memory
                0x0000000004011e18       0x20 common/built-in.o
                0x0000000004011e18                fdt_fixup_memory
 .text.fdt_fixup_ethernet
                0x0000000004011e38      0x19c common/built-in.o
                0x0000000004011e38                fdt_fixup_ethernet
 .text.fdt_shrink_to_minimum
                0x0000000004011fd4       0xcc common/built-in.o
                0x0000000004011fd4                fdt_shrink_to_minimum
 .text.fdt_translate_address
                0x00000000040120a0      0x29c common/built-in.o
                0x00000000040120a0                fdt_translate_address
 .text.miiphy_get_dev_by_name
                0x000000000401233c       0x60 common/built-in.o
                0x000000000401233c                miiphy_get_dev_by_name
 .text.miiphy_init
                0x000000000401239c       0x24 common/built-in.o
                0x000000000401239c                miiphy_init
 .text.mdio_alloc
                0x00000000040123c0       0x30 common/built-in.o
                0x00000000040123c0                mdio_alloc
 .text.mdio_free
                0x00000000040123f0        0x4 common/built-in.o
                0x00000000040123f0                mdio_free
 .text.mdio_register
                0x00000000040123f4       0x9c common/built-in.o
                0x00000000040123f4                mdio_register
 .text.mdio_unregister
                0x0000000004012490       0x3c common/built-in.o
                0x0000000004012490                mdio_unregister
 .text.mdio_list_devices
                0x00000000040124cc       0x9c common/built-in.o
                0x00000000040124cc                mdio_list_devices
 .text.miiphy_set_current_dev
                0x0000000004012568       0x40 common/built-in.o
                0x0000000004012568                miiphy_set_current_dev
 .text.miiphy_get_active_dev
                0x00000000040125a8       0x54 common/built-in.o
 .text.mdio_get_current_dev
                0x00000000040125fc       0x10 common/built-in.o
                0x00000000040125fc                mdio_get_current_dev
 .text.mdio_phydev_for_ethname
                0x000000000401260c       0x8c common/built-in.o
                0x000000000401260c                mdio_phydev_for_ethname
 .text.miiphy_get_current_dev
                0x0000000004012698       0x18 common/built-in.o
                0x0000000004012698                miiphy_get_current_dev
 .text.miiphy_read
                0x00000000040126b0       0x4c common/built-in.o
                0x00000000040126b0                miiphy_read
 .text.miiphy_write
                0x00000000040126fc       0x40 common/built-in.o
                0x00000000040126fc                miiphy_write
 .text.miiphy_listdev
                0x000000000401273c       0x74 common/built-in.o
                0x000000000401273c                miiphy_listdev
 .text.miiphy_info
                0x00000000040127b0       0x88 common/built-in.o
                0x00000000040127b0                miiphy_info
 .text.miiphy_is_1000base_x
                0x0000000004012838       0x44 common/built-in.o
                0x0000000004012838                miiphy_is_1000base_x
 .text.miiphy_speed
                0x000000000401287c       0xec common/built-in.o
                0x000000000401287c                miiphy_speed
 .text.miiphy_duplex
                0x0000000004012968      0x11c common/built-in.o
                0x0000000004012968                miiphy_duplex
 .text.usb_set_maxpacket_ep
                0x0000000004012a84       0x70 common/built-in.o
 .text.usb_stop
                0x0000000004012af4       0x80 common/built-in.o
                0x0000000004012af4                usb_stop
 .text.usb_disable_asynch
                0x0000000004012b74       0x20 common/built-in.o
                0x0000000004012b74                usb_disable_asynch
 .text.usb_control_msg
                0x0000000004012b94       0xc4 common/built-in.o
                0x0000000004012b94                usb_control_msg
 .text.usb_get_descriptor
                0x0000000004012c58       0x58 common/built-in.o
 .text.get_descriptor_len
                0x0000000004012cb0       0x90 common/built-in.o
 .text.usb_get_string
                0x0000000004012d40       0x70 common/built-in.o
 .text.usb_string_sub
                0x0000000004012db0      0x108 common/built-in.o
 .text.usb_bulk_msg
                0x0000000004012eb8       0x7c common/built-in.o
                0x0000000004012eb8                usb_bulk_msg
 .text.usb_maxpacket
                0x0000000004012f34       0x1c common/built-in.o
                0x0000000004012f34                usb_maxpacket
 .text.usb_clear_halt
                0x0000000004012f50       0x90 common/built-in.o
                0x0000000004012f50                usb_clear_halt
 .text.usb_get_configuration_len
                0x0000000004012fe0       0x74 common/built-in.o
                0x0000000004012fe0                usb_get_configuration_len
 .text.usb_get_configuration_no
                0x0000000004013054       0x34 common/built-in.o
                0x0000000004013054                usb_get_configuration_no
 .text.usb_set_interface
                0x0000000004013088       0xb4 common/built-in.o
                0x0000000004013088                usb_set_interface
 .text.usb_string
                0x000000000401313c      0x104 common/built-in.o
                0x000000000401313c                usb_string
 .text.usb_get_dev_index
                0x0000000004013240       0x24 common/built-in.o
                0x0000000004013240                usb_get_dev_index
 .text.usb_alloc_new_device
                0x0000000004013264       0x9c common/built-in.o
                0x0000000004013264                usb_alloc_new_device
 .text.usb_free_device
                0x0000000004013300       0x48 common/built-in.o
                0x0000000004013300                usb_free_device
 .text.usb_alloc_device
                0x0000000004013348        0x8 common/built-in.o
                0x0000000004013348                usb_alloc_device
 .text.usb_select_config
                0x0000000004013350      0x468 common/built-in.o
                0x0000000004013350                usb_select_config
 .text.usb_setup_device
                0x00000000040137b8      0x170 common/built-in.o
                0x00000000040137b8                usb_setup_device
 .text.usb_new_device
                0x0000000004013928       0x34 common/built-in.o
                0x0000000004013928                usb_new_device
 .text.usb_init
                0x000000000401395c      0x168 common/built-in.o
                0x000000000401395c                usb_init
 .text.board_usb_init
                0x0000000004013ac4        0x8 common/built-in.o
                0x0000000004013ac4                board_usb_init
 .text.board_usb_cleanup
                0x0000000004013acc        0x8 common/built-in.o
                0x0000000004013acc                board_usb_cleanup
 .text.usb_device_has_child_on_port
                0x0000000004013ad4       0x14 common/built-in.o
                0x0000000004013ad4                usb_device_has_child_on_port
 .text.usb_find_usb2_hub_address_port
                0x0000000004013ae8       0x5c common/built-in.o
                0x0000000004013ae8                usb_find_usb2_hub_address_port
 .text.usb_set_port_feature
                0x0000000004013b44       0x4c common/built-in.o
 .text.usb_clear_port_feature
                0x0000000004013b90       0x4c common/built-in.o
 .text.usb_get_hub_descriptor
                0x0000000004013bdc       0x4c common/built-in.o
 .text.usb_hub_reset_devices
                0x0000000004013c28        0x4 common/built-in.o
                0x0000000004013c28                usb_hub_reset_devices
 .text.usb_get_port_status
                0x0000000004013c2c       0x4c common/built-in.o
                0x0000000004013c2c                usb_get_port_status
 .text.usb_hub_reset
                0x0000000004013c78       0x20 common/built-in.o
                0x0000000004013c78                usb_hub_reset
 .text.legacy_hub_port_reset
                0x0000000004013c98       0x9c common/built-in.o
                0x0000000004013c98                legacy_hub_port_reset
 .text.usb_hub_port_connect_change
                0x0000000004013d34      0x15c common/built-in.o
                0x0000000004013d34                usb_hub_port_connect_change
 .text.usb_hub_configure
                0x0000000004013e90      0x4bc common/built-in.o
 .text.usb_hub_probe
                0x000000000401434c       0x58 common/built-in.o
                0x000000000401434c                usb_hub_probe
 .text.usb_stor_irq
                0x00000000040143a4       0x1c common/built-in.o
 .text.usb_stor_BBB_reset
                0x00000000040143c0       0xd0 common/built-in.o
 .text.usb_stor_CB_reset
                0x0000000004014490       0xd0 common/built-in.o
 .text.usb_stor_BBB_clear_endpt_stall.isra.2
                0x0000000004014560       0x40 common/built-in.o
 .text.usb_stor_BBB_transport
                0x00000000040145a0      0x268 common/built-in.o
 .text.usb_stor_CB_comdat
                0x0000000004014808      0x204 common/built-in.o
 .text.usb_stor_CBI_get_status.isra.4
                0x0000000004014a0c       0xcc common/built-in.o
 .text.usb_stor_CB_transport
                0x0000000004014ad8      0x228 common/built-in.o
 .text.usb_request_sense.constprop.10
                0x0000000004014d00       0x70 common/built-in.o
 .text.usb_stor_read
                0x0000000004014d70      0x174 common/built-in.o
 .text.usb_stor_write
                0x0000000004014ee4      0x174 common/built-in.o
 .text.usb_stor_info
                0x0000000004015058       0x74 common/built-in.o
                0x0000000004015058                usb_stor_info
 .text.usb_storage_probe
                0x00000000040150cc      0x204 common/built-in.o
                0x00000000040150cc                usb_storage_probe
 .text.usb_stor_get_info
                0x00000000040152d0      0x310 common/built-in.o
                0x00000000040152d0                usb_stor_get_info
 .text.usb_stor_scan
                0x00000000040155e0      0x1f0 common/built-in.o
                0x00000000040155e0                usb_stor_scan
 .text.snip     0x00000000040157d0       0x64 common/built-in.o
 .text.edid_check_info
                0x0000000004015834       0x54 common/built-in.o
                0x0000000004015834                edid_check_info
 .text.edid_print_info
                0x0000000004015888      0x610 common/built-in.o
                0x0000000004015888                edid_print_info
 .text.env_get_char_spec
                0x0000000004015e98        0xc common/built-in.o
                0x0000000004015e98                env_get_char_spec
 .text.env_get_addr
                0x0000000004015ea4       0x20 common/built-in.o
                0x0000000004015ea4                env_get_addr
 .text.env_get_char_memory
                0x0000000004015ec4       0x10 common/built-in.o
                0x0000000004015ec4                env_get_char_memory
 .text.env_get_char
                0x0000000004015ed4       0x30 common/built-in.o
                0x0000000004015ed4                env_get_char
 .text.getenv_yesno
                0x0000000004015f04       0x40 common/built-in.o
                0x0000000004015f04                getenv_yesno
 .text.getenv_default
                0x0000000004015f44       0x30 common/built-in.o
                0x0000000004015f44                getenv_default
 .text.set_default_env
                0x0000000004015f74       0xcc common/built-in.o
                0x0000000004015f74                set_default_env
 .text.set_default_vars
                0x0000000004016040       0x38 common/built-in.o
                0x0000000004016040                set_default_vars
 .text.env_import
                0x0000000004016078       0xe0 common/built-in.o
                0x0000000004016078                env_import
 .text.env_export
                0x0000000004016158       0xa4 common/built-in.o
                0x0000000004016158                env_export
 .text.env_relocate
                0x00000000040161fc       0x2c common/built-in.o
                0x00000000040161fc                env_relocate
 .text.console_setfile
                0x0000000004016228       0xc0 common/built-in.o
 .text.serial_printf
                0x00000000040162e8       0x48 common/built-in.o
                0x00000000040162e8                serial_printf
 .text.puts     0x0000000004016330       0x78 common/built-in.o
                0x0000000004016330                puts
 .text.putc     0x00000000040163a8       0x50 common/built-in.o
                0x00000000040163a8                putc
 .text.fgetc    0x00000000040163f8       0x24 common/built-in.o
                0x00000000040163f8                fgetc
 .text.getc     0x000000000401641c       0x24 common/built-in.o
                0x000000000401641c                getc
 .text.ftstc    0x0000000004016440       0x24 common/built-in.o
                0x0000000004016440                ftstc
 .text.tstc     0x0000000004016464       0x24 common/built-in.o
                0x0000000004016464                tstc
 .text.ctrlc    0x0000000004016488       0x58 common/built-in.o
                0x0000000004016488                ctrlc
 .text.disable_ctrlc
                0x00000000040164e0       0x18 common/built-in.o
                0x00000000040164e0                disable_ctrlc
 .text.had_ctrlc
                0x00000000040164f8       0x10 common/built-in.o
                0x00000000040164f8                had_ctrlc
 .text.clear_ctrlc
                0x0000000004016508       0x14 common/built-in.o
                0x0000000004016508                clear_ctrlc
 .text.search_device
                0x000000000401651c       0x28 common/built-in.o
                0x000000000401651c                search_device
 .text.console_assign
                0x0000000004016544       0x48 common/built-in.o
                0x0000000004016544                console_assign
 .text.on_console
                0x000000000401658c       0xc0 common/built-in.o
 .text.console_init_f
                0x000000000401664c       0x10 common/built-in.o
                0x000000000401664c                console_init_f
 .text.stdio_print_current_devices
                0x000000000401665c       0xb0 common/built-in.o
                0x000000000401665c                stdio_print_current_devices
 .text.console_init_r
                0x000000000401670c      0x180 common/built-in.o
                0x000000000401670c                console_init_r
 .text.sbrk     0x000000000401688c       0x6c common/built-in.o
                0x000000000401688c                sbrk
 .text.mem_malloc_init
                0x00000000040168f8       0x34 common/built-in.o
                0x00000000040168f8                mem_malloc_init
 .text.malloc_trim
                0x000000000401692c       0xcc common/built-in.o
                0x000000000401692c                malloc_trim
 .text.free     0x00000000040169f8      0x24c common/built-in.o
                0x00000000040169f8                free
 .text.malloc   0x0000000004016c44      0x61c common/built-in.o
                0x0000000004016c44                malloc
 .text.calloc   0x0000000004017260      0x148 common/built-in.o
                0x0000000004017260                calloc
 .text.realloc  0x00000000040173a8      0x440 common/built-in.o
                0x00000000040173a8                realloc
 .text.memalign
                0x00000000040177e8      0x170 common/built-in.o
                0x00000000040177e8                memalign
 .text.initf_malloc
                0x0000000004017958       0x18 common/built-in.o
                0x0000000004017958                initf_malloc
 .text.malloc_simple
                0x0000000004017970       0x30 common/built-in.o
                0x0000000004017970                malloc_simple
 .text.on_loadaddr
                0x00000000040179a0       0x38 common/built-in.o
 .text.image_multi_count
                0x00000000040179d8       0x1c common/built-in.o
                0x00000000040179d8                image_multi_count
 .text.image_multi_getimg
                0x00000000040179f4       0x80 common/built-in.o
                0x00000000040179f4                image_multi_getimg
 .text.getenv_bootm_low
                0x0000000004017a74       0x28 common/built-in.o
                0x0000000004017a74                getenv_bootm_low
 .text.getenv_bootm_size
                0x0000000004017a9c       0x68 common/built-in.o
                0x0000000004017a9c                getenv_bootm_size
 .text.getenv_bootm_mapsize
                0x0000000004017b04       0x30 common/built-in.o
                0x0000000004017b04                getenv_bootm_mapsize
 .text.memmove_wd
                0x0000000004017b34        0xc common/built-in.o
                0x0000000004017b34                memmove_wd
 .text.genimg_print_size
                0x0000000004017b40       0x30 common/built-in.o
                0x0000000004017b40                genimg_print_size
 .text.get_table_entry
                0x0000000004017b70       0x24 common/built-in.o
                0x0000000004017b70                get_table_entry
 .text.get_table_entry_name
                0x0000000004017b94       0x20 common/built-in.o
                0x0000000004017b94                get_table_entry_name
 .text.genimg_get_os_name
                0x0000000004017bb4       0x18 common/built-in.o
                0x0000000004017bb4                genimg_get_os_name
 .text.genimg_get_arch_name
                0x0000000004017bcc       0x18 common/built-in.o
                0x0000000004017bcc                genimg_get_arch_name
 .text.genimg_get_type_name
                0x0000000004017be4       0x18 common/built-in.o
                0x0000000004017be4                genimg_get_type_name
 .text.genimg_get_comp_name
                0x0000000004017bfc       0x18 common/built-in.o
                0x0000000004017bfc                genimg_get_comp_name
 .text.get_table_entry_id
                0x0000000004017c14       0x4c common/built-in.o
                0x0000000004017c14                get_table_entry_id
 .text.genimg_get_os_id
                0x0000000004017c60       0x18 common/built-in.o
                0x0000000004017c60                genimg_get_os_id
 .text.genimg_get_arch_id
                0x0000000004017c78       0x18 common/built-in.o
                0x0000000004017c78                genimg_get_arch_id
 .text.genimg_get_type_id
                0x0000000004017c90       0x18 common/built-in.o
                0x0000000004017c90                genimg_get_type_id
 .text.genimg_get_comp_id
                0x0000000004017ca8       0x18 common/built-in.o
                0x0000000004017ca8                genimg_get_comp_id
 .text.genimg_get_kernel_addr_fit
                0x0000000004017cc0       0x70 common/built-in.o
                0x0000000004017cc0                genimg_get_kernel_addr_fit
 .text.genimg_get_format
                0x0000000004017d30       0x18 common/built-in.o
                0x0000000004017d30                genimg_get_format
 .text.genimg_get_image
                0x0000000004017d48        0x4 common/built-in.o
                0x0000000004017d48                genimg_get_image
 .text.genimg_has_config
                0x0000000004017d4c       0x10 common/built-in.o
                0x0000000004017d4c                genimg_has_config
 .text.boot_get_ramdisk
                0x0000000004017d5c      0x200 common/built-in.o
                0x0000000004017d5c                boot_get_ramdisk
 .text.boot_ramdisk_high
                0x0000000004017f5c      0x138 common/built-in.o
                0x0000000004017f5c                boot_ramdisk_high
 .text.boot_get_setup
                0x0000000004018094        0x4 common/built-in.o
                0x0000000004018094                boot_get_setup
 .text.boot_get_fpga
                0x0000000004018098      0x188 common/built-in.o
                0x0000000004018098                boot_get_fpga
 .text.boot_get_loadable
                0x0000000004018220       0xd8 common/built-in.o
                0x0000000004018220                boot_get_loadable
 .text.image_setup_linux
                0x00000000040182f8       0x8c common/built-in.o
                0x00000000040182f8                image_setup_linux
 .text.fdt_error
                0x0000000004018384       0x2c common/built-in.o
 .text.boot_fdt_add_mem_rsv_regions
                0x00000000040183b0       0x88 common/built-in.o
                0x00000000040183b0                boot_fdt_add_mem_rsv_regions
 .text.boot_relocate_fdt
                0x0000000004018438      0x198 common/built-in.o
                0x0000000004018438                boot_relocate_fdt
 .text.boot_get_fdt
                0x00000000040185d0      0x29c common/built-in.o
                0x00000000040185d0                boot_get_fdt
 .text.ft_verify_fdt
                0x000000000401886c        0x8 common/built-in.o
                0x000000000401886c                ft_verify_fdt
 .text.image_setup_libfdt
                0x0000000004018874      0x110 common/built-in.o
                0x0000000004018874                image_setup_libfdt
 .text.fit_image_get_address
                0x0000000004018984       0x60 common/built-in.o
 .text.fit_parse_conf
                0x00000000040189e4       0x64 common/built-in.o
                0x00000000040189e4                fit_parse_conf
 .text.fit_parse_subimage
                0x0000000004018a48       0x64 common/built-in.o
                0x0000000004018a48                fit_parse_subimage
 .text.fit_get_desc
                0x0000000004018aac       0x30 common/built-in.o
                0x0000000004018aac                fit_get_desc
 .text.fit_image_get_node
                0x0000000004018adc       0x30 common/built-in.o
                0x0000000004018adc                fit_image_get_node
 .text.fit_image_get_os
                0x0000000004018b0c       0x3c common/built-in.o
                0x0000000004018b0c                fit_image_get_os
 .text.fit_image_get_arch
                0x0000000004018b48       0x3c common/built-in.o
                0x0000000004018b48                fit_image_get_arch
 .text.fit_image_get_type
                0x0000000004018b84       0x3c common/built-in.o
                0x0000000004018b84                fit_image_get_type
 .text.fit_image_get_comp
                0x0000000004018bc0       0x3c common/built-in.o
                0x0000000004018bc0                fit_image_get_comp
 .text.fit_image_get_load
                0x0000000004018bfc       0x10 common/built-in.o
                0x0000000004018bfc                fit_image_get_load
 .text.fit_image_get_entry
                0x0000000004018c0c       0x10 common/built-in.o
                0x0000000004018c0c                fit_image_get_entry
 .text.fit_image_get_data
                0x0000000004018c1c       0x40 common/built-in.o
                0x0000000004018c1c                fit_image_get_data
 .text.fit_image_hash_get_algo
                0x0000000004018c5c       0x30 common/built-in.o
                0x0000000004018c5c                fit_image_hash_get_algo
 .text.fit_image_hash_get_value
                0x0000000004018c8c       0x40 common/built-in.o
                0x0000000004018c8c                fit_image_hash_get_value
 .text.fit_image_print_data
                0x0000000004018ccc      0x140 common/built-in.o
 .text.fit_image_print
                0x0000000004018e0c      0x344 common/built-in.o
                0x0000000004018e0c                fit_image_print
 .text.fit_get_end
                0x0000000004019150       0x10 common/built-in.o
                0x0000000004019150                fit_get_end
 .text.calculate_hash
                0x0000000004019160       0xfc common/built-in.o
                0x0000000004019160                calculate_hash
 .text.fit_image_verify
                0x000000000401925c      0x2c0 common/built-in.o
                0x000000000401925c                fit_image_verify
 .text.fit_all_image_verify
                0x000000000401951c       0xe0 common/built-in.o
                0x000000000401951c                fit_all_image_verify
 .text.fit_image_check_arch
                0x00000000040195fc       0x44 common/built-in.o
                0x00000000040195fc                fit_image_check_arch
 .text.fit_image_check_type
                0x0000000004019640       0x30 common/built-in.o
                0x0000000004019640                fit_image_check_type
 .text.fit_image_check_comp
                0x0000000004019670       0x30 common/built-in.o
                0x0000000004019670                fit_image_check_comp
 .text.fit_check_format
                0x00000000040196a0       0x40 common/built-in.o
                0x00000000040196a0                fit_check_format
 .text.fit_conf_get_node
                0x00000000040196e0       0x68 common/built-in.o
                0x00000000040196e0                fit_conf_get_node
 .text.fit_conf_get_prop_node
                0x0000000004019748       0x2c common/built-in.o
                0x0000000004019748                fit_conf_get_prop_node
 .text.fit_conf_print
                0x0000000004019774      0x1b0 common/built-in.o
                0x0000000004019774                fit_conf_print
 .text.fit_print_contents
                0x0000000004019924      0x1dc common/built-in.o
                0x0000000004019924                fit_print_contents
 .text.fit_get_node_from_config
                0x0000000004019b00       0x40 common/built-in.o
                0x0000000004019b00                fit_get_node_from_config
 .text.fit_image_load
                0x0000000004019b40      0x508 common/built-in.o
                0x0000000004019b40                fit_image_load
 .text.boot_get_setup_fit
                0x000000000401a048       0x6c common/built-in.o
                0x000000000401a048                boot_get_setup_fit
 .text.rsa_sign
                0x000000000401a0b4        0x8 common/built-in.o
 .text.rsa_add_verify_data
                0x000000000401a0bc        0x8 common/built-in.o
 .text.image_get_sig_algo
                0x000000000401a0c4       0x50 common/built-in.o
                0x000000000401a0c4                image_get_sig_algo
 .text.fit_image_setup_verify
                0x000000000401a114       0xbc common/built-in.o
 .text.fit_region_make_list
                0x000000000401a1d0       0x68 common/built-in.o
                0x000000000401a1d0                fit_region_make_list
 .text.fit_image_check_sig
                0x000000000401a238       0xb4 common/built-in.o
                0x000000000401a238                fit_image_check_sig
 .text.fit_image_verify_required_sigs
                0x000000000401a2ec      0x210 common/built-in.o
                0x000000000401a2ec                fit_image_verify_required_sigs
 .text.fit_config_check_sig
                0x000000000401a4fc      0x278 common/built-in.o
                0x000000000401a4fc                fit_config_check_sig
 .text.fit_config_verify_required_sigs
                0x000000000401a774      0x1c8 common/built-in.o
                0x000000000401a774                fit_config_verify_required_sigs
 .text.fit_config_verify
                0x000000000401a93c        0x8 common/built-in.o
                0x000000000401a93c                fit_config_verify
 .text.get_effective_memsize
                0x000000000401a944        0x8 common/built-in.o
                0x000000000401a944                get_effective_memsize
 .text.stdio_serial_tstc
                0x000000000401a94c        0x4 common/built-in.o
 .text.stdio_serial_getc
                0x000000000401a950        0x4 common/built-in.o
 .text.stdio_serial_puts
                0x000000000401a954        0x8 common/built-in.o
 .text.stdio_serial_putc
                0x000000000401a95c        0x8 common/built-in.o
 .text.stdio_get_list
                0x000000000401a964        0xc common/built-in.o
                0x000000000401a964                stdio_get_list
 .text.stdio_get_by_name
                0x000000000401a970       0x5c common/built-in.o
                0x000000000401a970                stdio_get_by_name
 .text.stdio_clone
                0x000000000401a9cc       0x38 common/built-in.o
                0x000000000401a9cc                stdio_clone
 .text.stdio_register_dev
                0x000000000401aa04       0x50 common/built-in.o
                0x000000000401aa04                stdio_register_dev
 .text.stdio_register
                0x000000000401aa54        0x8 common/built-in.o
                0x000000000401aa54                stdio_register
 .text.stdio_init_tables
                0x000000000401aa5c       0x1c common/built-in.o
                0x000000000401aa5c                stdio_init_tables
 .text.stdio_add_devices
                0x000000000401aa78       0x80 common/built-in.o
                0x000000000401aa78                stdio_add_devices
 .text.run_command
                0x000000000401aaf8       0x10 common/built-in.o
                0x000000000401aaf8                run_command
 .text.run_command_list
                0x000000000401ab08       0x7c common/built-in.o
                0x000000000401ab08                run_command_list
 .text.do_run   0x000000000401ab84       0x78 common/built-in.o
                0x000000000401ab84                do_run
 .text.cli_process_fdt
                0x000000000401abfc       0x40 common/built-in.o
                0x000000000401abfc                cli_process_fdt
 .text.cli_secure_boot_cmd
                0x000000000401ac3c       0x78 common/built-in.o
                0x000000000401ac3c                cli_secure_boot_cmd
 .text.cli_loop
                0x000000000401acb4        0xc common/built-in.o
                0x000000000401acb4                cli_loop
 .text.cli_init
                0x000000000401acc0        0x4 common/built-in.o
                0x000000000401acc0                cli_init
 .text.delete_char.part.0
                0x000000000401acc4       0xd4 common/built-in.o
 .text.cread_add_char
                0x000000000401ad98       0xec common/built-in.o
 .text.cli_readline_into_buffer
                0x000000000401ae84      0x908 common/built-in.o
                0x000000000401ae84                cli_readline_into_buffer
 .text.cli_readline
                0x000000000401b78c       0x14 common/built-in.o
                0x000000000401b78c                cli_readline
 .text.find_cmd_tbl
                0x000000000401b7a0       0xa4 common/built-in.o
                0x000000000401b7a0                find_cmd_tbl
 .text.find_cmd
                0x000000000401b844       0x28 common/built-in.o
                0x000000000401b844                find_cmd
 .text.cmd_usage
                0x000000000401b86c       0x5c common/built-in.o
                0x000000000401b86c                cmd_usage
 .text._do_help
                0x000000000401b8c8      0x180 common/built-in.o
                0x000000000401b8c8                _do_help
 .text.cmd_get_data_size
                0x000000000401ba48       0x5c common/built-in.o
                0x000000000401ba48                cmd_get_data_size
 .text.cmd_process
                0x000000000401baa4       0xf4 common/built-in.o
                0x000000000401baa4                cmd_process
 .text.cmd_process_error
                0x000000000401bb98       0x30 common/built-in.o
                0x000000000401bb98                cmd_process_error
 .text.hex1_bin
                0x000000000401bbc8       0x40 common/built-in.o
 .text.hex2_bin
                0x000000000401bc08       0x38 common/built-in.o
 .text.srec_decode
                0x000000000401bc40      0x254 common/built-in.o
                0x000000000401bc40                srec_decode
 .text.CYGACC_COMM_IF_GETC_TIMEOUT.isra.0
                0x000000000401be94       0x5c common/built-in.o
 .text.xyzModem_flush
                0x000000000401bef0       0x1c common/built-in.o
 .text.xyzModem_get_hdr
                0x000000000401bf0c      0x234 common/built-in.o
 .text.xyzModem_stream_open
                0x000000000401c140      0x23c common/built-in.o
                0x000000000401c140                xyzModem_stream_open
 .text.xyzModem_stream_read
                0x000000000401c37c      0x258 common/built-in.o
                0x000000000401c37c                xyzModem_stream_read
 .text.xyzModem_stream_close
                0x000000000401c5d4       0x54 common/built-in.o
                0x000000000401c5d4                xyzModem_stream_close
 .text.xyzModem_stream_terminate
                0x000000000401c628       0x94 common/built-in.o
                0x000000000401c628                xyzModem_stream_terminate
 .text.xyzModem_error
                0x000000000401c6bc       0x20 common/built-in.o
                0x000000000401c6bc                xyzModem_error
 .text.blk_get_dev
                0x000000000401c6dc       0x30 disk/built-in.o
                0x000000000401c6dc                blk_get_dev
 .text.dev_print
                0x000000000401c70c      0x214 disk/built-in.o
                0x000000000401c70c                dev_print
 .text.part_init
                0x000000000401c920       0x54 disk/built-in.o
                0x000000000401c920                part_init
 .text.part_print
                0x000000000401c974      0x134 disk/built-in.o
                0x000000000401c974                part_print
 .text.part_get_info
                0x000000000401caa8       0x70 disk/built-in.o
                0x000000000401caa8                part_get_info
 .text.blk_get_device_by_str
                0x000000000401cb18      0x150 disk/built-in.o
                0x000000000401cb18                blk_get_device_by_str
 .text.blk_get_device_part_str
                0x000000000401cc68      0x400 disk/built-in.o
                0x000000000401cc68                blk_get_device_part_str
 .text.test_block_type
                0x000000000401d068       0x84 disk/built-in.o
 .text.print_partition_extended
                0x000000000401d0ec      0x274 disk/built-in.o
 .text.part_print_dos
                0x000000000401d360       0x34 disk/built-in.o
                0x000000000401d360                part_print_dos
 .text.part_test_dos
                0x000000000401d394       0x60 disk/built-in.o
 .text.part_get_info_extended.constprop.4
                0x000000000401d3f4      0x308 disk/built-in.o
 .text.part_get_info_dos
                0x000000000401d6fc       0x20 disk/built-in.o
                0x000000000401d6fc                part_get_info_dos
 .text.device_bind_common
                0x000000000401d71c      0x344 drivers/built-in.o
 .text.alloc_priv
                0x000000000401da60       0x48 drivers/built-in.o
 .text.device_bind_with_driver_data
                0x000000000401daa8       0x24 drivers/built-in.o
                0x000000000401daa8                device_bind_with_driver_data
 .text.device_bind
                0x000000000401dacc       0x28 drivers/built-in.o
                0x000000000401dacc                device_bind
 .text.device_bind_by_name
                0x000000000401daf4       0x60 drivers/built-in.o
                0x000000000401daf4                device_bind_by_name
 .text.device_probe
                0x000000000401db54      0x234 drivers/built-in.o
                0x000000000401db54                device_probe
 .text.dev_get_platdata
                0x000000000401dd88       0x34 drivers/built-in.o
                0x000000000401dd88                dev_get_platdata
 .text.dev_get_parent_platdata
                0x000000000401ddbc       0x34 drivers/built-in.o
                0x000000000401ddbc                dev_get_parent_platdata
 .text.dev_get_uclass_platdata
                0x000000000401ddf0       0x34 drivers/built-in.o
                0x000000000401ddf0                dev_get_uclass_platdata
 .text.dev_get_priv
                0x000000000401de24       0x34 drivers/built-in.o
                0x000000000401de24                dev_get_priv
 .text.dev_get_uclass_priv
                0x000000000401de58       0x34 drivers/built-in.o
                0x000000000401de58                dev_get_uclass_priv
 .text.dev_get_parent_priv
                0x000000000401de8c       0x34 drivers/built-in.o
                0x000000000401de8c                dev_get_parent_priv
 .text.device_find_first_child
                0x000000000401dec0       0x1c drivers/built-in.o
                0x000000000401dec0                device_find_first_child
 .text.device_find_next_child
                0x000000000401dedc       0x28 drivers/built-in.o
                0x000000000401dedc                device_find_next_child
 .text.dev_get_addr_index
                0x000000000401df04       0xac drivers/built-in.o
                0x000000000401df04                dev_get_addr_index
 .text.dev_get_addr
                0x000000000401dfb0        0x8 drivers/built-in.o
                0x000000000401dfb0                dev_get_addr
 .text.lists_driver_lookup_name
                0x000000000401dfb8       0x4c drivers/built-in.o
                0x000000000401dfb8                lists_driver_lookup_name
 .text.lists_uclass_lookup
                0x000000000401e004       0x3c drivers/built-in.o
                0x000000000401e004                lists_uclass_lookup
 .text.lists_bind_drivers
                0x000000000401e040       0x88 drivers/built-in.o
                0x000000000401e040                lists_bind_drivers
 .text.device_bind_driver_to_node
                0x000000000401e0c8       0x48 drivers/built-in.o
                0x000000000401e0c8                device_bind_driver_to_node
 .text.device_bind_driver
                0x000000000401e110       0x18 drivers/built-in.o
                0x000000000401e110                device_bind_driver
 .text.lists_bind_fdt
                0x000000000401e128      0x1bc drivers/built-in.o
                0x000000000401e128                lists_bind_fdt
 .text.dm_root  0x000000000401e2e4       0x28 drivers/built-in.o
                0x000000000401e2e4                dm_root
 .text.dm_get_translation_offset
                0x000000000401e30c       0x14 drivers/built-in.o
                0x000000000401e30c                dm_get_translation_offset
 .text.dm_init  0x000000000401e320       0x64 drivers/built-in.o
                0x000000000401e320                dm_init
 .text.dm_scan_platdata
                0x000000000401e384       0x2c drivers/built-in.o
                0x000000000401e384                dm_scan_platdata
 .text.dm_scan_fdt_node
                0x000000000401e3b0       0xc8 drivers/built-in.o
                0x000000000401e3b0                dm_scan_fdt_node
 .text.dm_scan_fdt
                0x000000000401e478       0x18 drivers/built-in.o
                0x000000000401e478                dm_scan_fdt
 .text.dm_scan_other
                0x000000000401e490        0x8 drivers/built-in.o
                0x000000000401e490                dm_scan_other
 .text.dm_init_and_scan
                0x000000000401e498       0x44 drivers/built-in.o
                0x000000000401e498                dm_init_and_scan
 .text.uclass_find
                0x000000000401e4dc       0x4c drivers/built-in.o
                0x000000000401e4dc                uclass_find
 .text.uclass_get
                0x000000000401e528      0x124 drivers/built-in.o
                0x000000000401e528                uclass_get
 .text.uclass_find_device
                0x000000000401e64c       0x74 drivers/built-in.o
                0x000000000401e64c                uclass_find_device
 .text.uclass_find_first_device
                0x000000000401e6c0       0x3c drivers/built-in.o
                0x000000000401e6c0                uclass_find_first_device
 .text.uclass_find_next_device
                0x000000000401e6fc       0x2c drivers/built-in.o
                0x000000000401e6fc                uclass_find_next_device
 .text.uclass_find_device_by_seq
                0x000000000401e728       0x7c drivers/built-in.o
                0x000000000401e728                uclass_find_device_by_seq
 .text.uclass_find_device_by_of_offset
                0x000000000401e7a4       0x6c drivers/built-in.o
                0x000000000401e7a4                uclass_find_device_by_of_offset
 .text.uclass_get_device_tail
                0x000000000401e810       0x2c drivers/built-in.o
                0x000000000401e810                uclass_get_device_tail
 .text.uclass_get_device
                0x000000000401e83c       0x30 drivers/built-in.o
                0x000000000401e83c                uclass_get_device
 .text.uclass_get_device_by_seq
                0x000000000401e86c       0x54 drivers/built-in.o
                0x000000000401e86c                uclass_get_device_by_seq
 .text.uclass_get_device_by_of_offset
                0x000000000401e8c0       0x30 drivers/built-in.o
                0x000000000401e8c0                uclass_get_device_by_of_offset
 .text.uclass_first_device
                0x000000000401e8f0       0x38 drivers/built-in.o
                0x000000000401e8f0                uclass_first_device
 .text.uclass_next_device
                0x000000000401e928       0x40 drivers/built-in.o
                0x000000000401e928                uclass_next_device
 .text.uclass_bind_device
                0x000000000401e968       0x7c drivers/built-in.o
                0x000000000401e968                uclass_bind_device
 .text.uclass_unbind_device
                0x000000000401e9e4       0x50 drivers/built-in.o
                0x000000000401e9e4                uclass_unbind_device
 .text.uclass_resolve_seq
                0x000000000401ea34       0xb0 drivers/built-in.o
                0x000000000401ea34                uclass_resolve_seq
 .text.uclass_pre_probe_device
                0x000000000401eae4       0x64 drivers/built-in.o
                0x000000000401eae4                uclass_pre_probe_device
 .text.uclass_post_probe_device
                0x000000000401eb48       0x20 drivers/built-in.o
                0x000000000401eb48                uclass_post_probe_device
 .text.uclass_pre_remove_device
                0x000000000401eb68       0x20 drivers/built-in.o
                0x000000000401eb68                uclass_pre_remove_device
 .text.dm_warn  0x000000000401eb88       0x28 drivers/built-in.o
                0x000000000401eb88                dm_warn
 .text.device_unbind
                0x000000000401ebb0      0x150 drivers/built-in.o
                0x000000000401ebb0                device_unbind
 .text.device_free
                0x000000000401ed00       0x90 drivers/built-in.o
                0x000000000401ed00                device_free
 .text.device_remove
                0x000000000401ed90      0x138 drivers/built-in.o
                0x000000000401ed90                device_remove
 .text.simple_bus_post_bind
                0x000000000401eec8       0x70 drivers/built-in.o
 .text.show_devices
                0x000000000401ef38       0xfc drivers/built-in.o
 .text.dm_dump_all
                0x000000000401f034       0x3c drivers/built-in.o
                0x000000000401f034                dm_dump_all
 .text.dm_dump_uclass
                0x000000000401f070       0xdc drivers/built-in.o
                0x000000000401f070                dm_dump_uclass
 .text.get_desc
                0x000000000401f14c       0x60 drivers/built-in.o
 .text.blk_driver_lookup_type
                0x000000000401f1ac       0x3c drivers/built-in.o
                0x000000000401f1ac                blk_driver_lookup_type
 .text.blk_get_devnum_by_type
                0x000000000401f1e8       0x3c drivers/built-in.o
                0x000000000401f1e8                blk_get_devnum_by_type
 .text.blk_dselect_hwpart
                0x000000000401f224       0x48 drivers/built-in.o
                0x000000000401f224                blk_dselect_hwpart
 .text.blk_get_devnum_by_typename
                0x000000000401f26c       0x74 drivers/built-in.o
                0x000000000401f26c                blk_get_devnum_by_typename
 .text.blk_select_hwpart_devnum
                0x000000000401f2e0       0x48 drivers/built-in.o
                0x000000000401f2e0                blk_select_hwpart_devnum
 .text.rsa_mod_exp
                0x000000000401f328       0x2c drivers/built-in.o
                0x000000000401f328                rsa_mod_exp
 .text.mod_exp_sw
                0x000000000401f354       0x14 drivers/built-in.o
                0x000000000401f354                mod_exp_sw
 .text.fpga_no_sup
                0x000000000401f368       0x48 drivers/built-in.o
 .text.fpga_get_desc
                0x000000000401f3b0       0x34 drivers/built-in.o
                0x000000000401f3b0                fpga_get_desc
 .text.fpga_dev_info
                0x000000000401f3e4       0x9c drivers/built-in.o
 .text.fpga_validate
                0x000000000401f480       0x58 drivers/built-in.o
                0x000000000401f480                fpga_validate
 .text.fpga_init
                0x000000000401f4d8       0x20 drivers/built-in.o
                0x000000000401f4d8                fpga_init
 .text.fpga_count
                0x000000000401f4f8       0x10 drivers/built-in.o
                0x000000000401f4f8                fpga_count
 .text.fpga_add
                0x000000000401f508       0xa8 drivers/built-in.o
                0x000000000401f508                fpga_add
 .text.fpga_loadbitstream
                0x000000000401f5b0      0x270 drivers/built-in.o
                0x000000000401f5c8                fpga_loadbitstream
 .text.fpga_load
                0x000000000401f820       0x90 drivers/built-in.o
                0x000000000401f820                fpga_load
 .text.fpga_dump
                0x000000000401f8b0       0x88 drivers/built-in.o
                0x000000000401f8b0                fpga_dump
 .text.fpga_info
                0x000000000401f938       0x70 drivers/built-in.o
                0x000000000401f938                fpga_info
 .text.zynq_info
                0x000000000401f9a8        0x8 drivers/built-in.o
 .text.zynq_dump
                0x000000000401f9b0        0x8 drivers/built-in.o
 .text.load_word
                0x000000000401f9b8       0x48 drivers/built-in.o
 .text.zynq_load
                0x000000000401fa00      0x3e0 drivers/built-in.o
 .text.xilinx_validate
                0x000000000401fde0       0x7c drivers/built-in.o
 .text.xilinx_load
                0x000000000401fe5c       0x80 drivers/built-in.o
                0x000000000401fe5c                xilinx_load
 .text.xilinx_dump