mmc.c:1004:13:mmc_set_ios	0	static
mmc.c:541:12:mmc_set_capacity	24	static
mmc.c:24:12:board_mmc_getwp	0	static
mmc.c:29:5:mmc_getwp	8	static
mmc.c:45:12:board_mmc_getcd	0	static
mmc.c:50:5:mmc_send_cmd	0	static
mmc.c:446:12:mmc_send_ext_csd	56	static
mmc.c:271:12:mmc_go_idle	40	static
mmc.c:360:12:mmc_send_op_cond_iter	40	static
mmc.c:112:5:mmc_send_status	48	static
mmc.c:468:12:mmc_switch.isra.2	40	static
mmc.c:610:12:mmc_select_hwpartp	16	static
mmc.c:162:5:mmc_set_blocklen	40	static
mmc.c:221:14:mmc_bread	80	static
mmc.c:632:5:mmc_hwpart_config	608	static
mmc.c:826:5:mmc_getcd	8	static
mmc.c:1010:6:mmc_set_clock	0	static
mmc.c:1030:12:mmc_startup	1328	static
mmc.c:1581:13:mmc_create	16	static
mmc.c:1619:6:mmc_destroy	0	static
mmc.c:1645:13:board_mmc_power_init	0	static
mmc.c:1649:5:mmc_start_init	56	static
mmc.c:1730:5:mmc_init	16	static
mmc.c:1627:12:mmc_get_dev	16	static
mmc.c:1753:5:mmc_set_dsr	0	static
mmc.c:1760:12:cpu_mmc_init	0	static
mmc.c:1766:12:board_mmc_init	0	static
mmc.c:1771:6:mmc_set_preinit	0	static
mmc.c:1820:5:mmc_initialize	24	static
