serial_zynq.c:49:13:_uart_zynq_serial_setbrg	32	static
serial_zynq.c:145:12:zynq_serial_pending	8	static
serial_zynq.c:138:12:zynq_serial_putc	8	static
serial_zynq.c:127:12:zynq_serial_getc	8	static
serial_zynq.c:118:12:zynq_serial_probe	8	static
serial_zynq.c:108:5:zynq_serial_setbrg	16	static
serial_zynq.c:156:12:zynq_serial_ofdata_to_platdata	16	static
serial_zynq.c:208:1:printch	0	static
serial_zynq.c:208:1:printascii	8	static
serial_zynq.c:208:1:printhex2	0	static
serial_zynq.c:208:1:printhex4	4	static
serial_zynq.c:208:1:printhex8	4	static
serial_zynq.c:208:1:debug_uart_init	0	static
