clk.c:113:22:ddr2x_get_rate	8	static
clk.c:126:22:ddr3x_get_rate	8	static
clk.c:283:22:zynq_clk_periph_get_rate	8	static
clk.c:471:22:__zynq_clk_pll_get_rate	0	static
clk.c:490:22:zynq_clk_pll_get_rate	0	static
clk.c:247:12:zynq_clk_periph_set_rate	48	static
clk.c:344:12:zynq_clk_register_periph_clk	8	static
clk.c:537:6:zynq_clk_early_init	16	static
clk.c:560:15:get_uart_clk	8	static
clk.c:583:5:set_cpu_clk_info	32	static
clk.c:609:15:zynq_clk_get_rate	0	static
clk.c:624:5:zynq_clk_set_rate	0	static
clk.c:640:13:zynq_clk_get_name	0	static
clk.c:651:5:soc_clk_dump	16	static
