eth-uclass.c:40:32:eth_get_uclass_priv	16	static
eth-uclass.c:213:12:on_ethaddr	24	static
eth-uclass.c:529:12:eth_pre_remove	8	static
eth-uclass.c:456:12:eth_post_probe	48	static
eth-uclass.c:436:12:eth_post_bind	8	static
eth-uclass.c:49:6:eth_set_current_to_next	8	static
eth-uclass.c:66:17:eth_get_dev	8	static
eth-uclass.c:82:6:eth_set_dev	8	static
eth-uclass.c:447:12:eth_pre_unbind	8	static
eth-uclass.c:97:17:eth_get_dev_by_name	32	static
eth-uclass.c:133:16:eth_get_ethaddr	8	static
eth-uclass.c:146:5:eth_init_state_only	8	static
eth-uclass.c:162:6:eth_halt_state_only	8	static
eth-uclass.c:175:5:eth_get_dev_index	8	static
eth-uclass.c:240:5:eth_init	24	static
eth-uclass.c:303:6:eth_halt	8	static
eth-uclass.c:317:5:eth_is_active	8	static
eth-uclass.c:328:5:eth_send	16	static
eth-uclass.c:348:5:eth_rx	24	static
eth-uclass.c:384:5:eth_initialize	32	static
