nfs.c:389:12:rpc_lookup_reply	2056	static
nfs.c:419:12:nfs_mount_reply	2056	static
nfs.c:444:12:nfs_umountall_reply	2056	static
nfs.c:468:12:nfs_lookup_reply	2056	static
nfs.c:507:12:nfs_readlink_reply	2072	static
nfs.c:107:14:basename	8	static
nfs.c:135:18:rpc_add_credentials	272	static
nfs.c:178:13:rpc_req	2072	static
nfs.c:234:13:nfs_mount_req	4120	static
nfs.c:260:13:nfs_umountall_req	4104	static
nfs.c:305:13:nfs_lookup_req	4120	static
nfs.c:333:13:nfs_read_req	4120	static
nfs.c:285:13:nfs_readlink_req	4112	static
nfs.c:543:12:nfs_read_reply.isra.2	2064	static
nfs.c:356:13:nfs_send	72	static
nfs.c:599:13:nfs_handler	16	static
nfs.c:585:13:nfs_timeout_handler	8	static
nfs.c:708:6:nfs_start	32	static
