device.c:525:24:_device_find_global_by_of_offset	16	static
device.c:29:12:device_bind_common	48	static
device.c:230:14:alloc_priv	16	static
device.c:198:5:device_bind_with_driver_data	24	static
device.c:207:5:device_bind	24	static
device.c:215:5:device_bind_by_name	32	static
device.c:245:5:device_probe	16	static
device.c:372:7:dev_get_platdata	8	static
device.c:382:7:dev_get_parent_platdata	8	static
device.c:392:7:dev_get_uclass_platdata	8	static
device.c:402:7:dev_get_priv	8	static
device.c:412:7:dev_get_uclass_priv	8	static
device.c:422:7:dev_get_parent_priv	8	static
device.c:447:5:device_get_child	16	static
device.c:459:5:device_find_child_by_seq	8	static
device.c:479:5:device_get_child_by_seq	32	static
device.c:497:5:device_find_child_by_of_offset	0	static
device.c:514:5:device_get_child_by_of_offset	24	static
device.c:542:5:device_get_global_by_of_offset	16	static
device.c:550:5:device_find_first_child	0	static
device.c:562:5:device_find_next_child	0	static
device.c:577:17:dev_get_parent	0	static
device.c:582:7:dev_get_driver_data	0	static
device.c:587:13:dev_get_driver_ops	0	static
device.c:595:16:device_get_uclass_id	0	static
device.c:600:13:dev_get_uclass_name	0	static
device.c:608:12:dev_get_addr_index	32	static
device.c:674:12:dev_get_addr_name	8	static
device.c:690:12:dev_get_addr	0	static
device.c:695:7:dev_get_addr_ptr	0	static
device.c:700:6:device_has_children	0	static
device.c:705:6:device_has_active_children	16	static
device.c:719:6:device_is_last_sibling	0	static
device.c:728:6:device_set_name_alloced	0	static
device.c:733:5:device_set_name	8	static
device.c:744:6:of_device_is_compatible	8	static
device.c:751:6:of_machine_is_compatible	8	static
