uclass.c:22:16:uclass_find	0	static
uclass.c:104:5:uclass_destroy	16	static
uclass.c:138:5:uclass_get	24	static
uclass.c:151:5:uclass_find_device	24	static
uclass.c:174:5:uclass_find_first_device	16	static
uclass.c:191:5:uclass_find_next_device	0	static
uclass.c:204:5:uclass_find_device_by_name	32	static
uclass.c:228:5:uclass_find_device_by_seq	24	static
uclass.c:257:5:uclass_find_device_by_of_offset	24	static
uclass.c:314:5:uclass_get_device_tail	16	static
uclass.c:330:5:uclass_get_device	16	static
uclass.c:340:5:uclass_get_device_by_name	16	static
uclass.c:351:5:uclass_get_device_by_seq	24	static
uclass.c:368:5:uclass_get_device_by_of_offset	16	static
uclass.c:380:5:uclass_get_device_by_phandle	32	static
uclass.c:392:5:uclass_first_device	16	static
uclass.c:404:5:uclass_first_device_err	8	static
uclass.c:417:5:uclass_next_device	16	static
uclass.c:429:5:uclass_bind_device	8	static
uclass.c:456:5:uclass_unbind_device	8	static
uclass.c:473:5:uclass_resolve_seq	24	static
uclass.c:504:5:uclass_pre_probe_device	8	static
uclass.c:525:5:uclass_post_probe_device	0	static
uclass.c:536:5:uclass_pre_remove_device	0	static
