gpio-uclass.c:30:12:gpio_to_device	24	static
gpio-uclass.c:275:12:check_reserved	24	static
gpio-uclass.c:792:12:gpio_renumber	24	static
gpio-uclass.c:840:12:gpio_pre_remove	16	static
gpio-uclass.c:829:12:gpio_post_probe	8	static
gpio-uclass.c:53:5:dm_gpio_lookup_name	40	static
gpio-uclass.c:92:5:gpio_lookup_name	32	static
gpio-uclass.c:117:5:gpio_xlate_offs_flags	0	static
gpio-uclass.c:146:5:dm_gpio_request	24	static
gpio-uclass.c:171:12:dm_gpio_requestf	60	static
gpio-uclass.c:198:5:gpio_request	24	static
gpio-uclass.c:220:5:gpio_requestf	60	static
gpio-uclass.c:235:5:_dm_gpio_free	16	static
gpio-uclass.c:263:5:gpio_free	24	static
gpio-uclass.c:302:5:gpio_direction_input	24	static
gpio-uclass.c:326:5:gpio_direction_output	24	static
gpio-uclass.c:342:5:dm_gpio_get_value	8	static
gpio-uclass.c:356:5:dm_gpio_set_value	16	static
gpio-uclass.c:370:5:dm_gpio_get_open_drain	16	static
gpio-uclass.c:385:5:dm_gpio_set_open_drain	16	static
gpio-uclass.c:402:5:dm_gpio_set_dir_flags	24	static
gpio-uclass.c:645:12:_gpio_request_by_name_nodev	120	static
gpio-uclass.c:432:5:dm_gpio_set_dir	0	static
gpio-uclass.c:446:5:gpio_get_value	24	static
gpio-uclass.c:467:5:gpio_set_value	24	static
gpio-uclass.c:478:13:gpio_get_bank_info	8	static
gpio-uclass.c:498:5:get_function	24	static
gpio-uclass.c:527:5:gpio_get_function	0	static
gpio-uclass.c:532:5:gpio_get_raw_function	0	static
gpio-uclass.c:537:5:gpio_get_status	64	static
gpio-uclass.c:576:5:gpio_claim_vector	24	static
gpio-uclass.c:607:5:gpio_get_values_as_int	24	static
gpio-uclass.c:627:5:dm_gpio_get_values_as_int	32	static
gpio-uclass.c:694:5:gpio_request_by_name_nodev	24	static
gpio-uclass.c:702:5:gpio_request_by_name	16	static
gpio-uclass.c:754:5:gpio_get_list_count	24	static
gpio-uclass.c:769:5:dm_gpio_free	0	static
gpio-uclass.c:775:5:gpio_free_list	24	static
gpio-uclass.c:786:5:gpio_free_list_nodev	0	static
gpio-uclass.c:714:5:gpio_request_list_by_name_nodev	56	static
gpio-uclass.c:740:5:gpio_request_list_by_name	16	static
gpio-uclass.c:817:5:gpio_get_number	0	static
