dfu.c:135:12:dfu_write_buffer_drain	40	static
dfu.c:36:13:dfu_usb_get_reset	0	static
dfu.c:81:16:dfu_free_buf	8	static
dfu.c:88:15:dfu_get_buf_size	0	static
dfu.c:93:16:dfu_get_buf	24	static
dfu.c:164:6:dfu_write_transaction_cleanup	12	static
dfu.c:176:5:dfu_flush	16	static
dfu.c:196:5:dfu_write	40	static
dfu.c:326:5:dfu_read	48	static
dfu.c:428:6:dfu_free_entities	24	static
dfu.c:446:5:dfu_config_entities	56	static
dfu.c:52:5:dfu_init_env_entities	16	static
dfu.c:483:13:dfu_get_dev_type	32	static
dfu.c:489:13:dfu_get_layout	40	static
dfu.c:496:6:dfu_show_entities	24	static
dfu.c:509:5:dfu_get_alt_number	0	static
dfu.c:514:20:dfu_get_entity	0	static
dfu.c:526:5:dfu_get_alt	24	static
dfu.c:563:5:dfu_write_from_mem_addr	32	static
