ext4_common.c:50:10:ext4fs_div_roundup	16	static
ext4_common.c:59:6:put_ext4	72	dynamic
ext4_common.c:180:5:ext4fs_set_block_bmap	4	static
ext4_common.c:216:6:ext4fs_reset_block_bmap	4	static
ext4_common.c:246:5:ext4fs_set_inode_bmap	0	static
ext4_common.c:271:6:ext4fs_reset_inode_bmap	0	static
ext4_common.c:292:5:ext4fs_checksum_update	24	static
ext4_common.c:846:10:ext4fs_get_new_blk_no	40	static
ext4_common.c:972:5:ext4fs_get_new_inode_no	48	static
ext4_common.c:1377:6:ext4fs_allocate_blocks	64	static
ext4_common.c:1470:5:ext4fs_read_inode	88	static
ext4_common.c:624:5:ext4fs_iget	8	static
ext4_common.c:1501:10:read_allocated_block	48	static
ext4_common.c:343:6:ext4fs_update_parent_dentry	64	static
ext4_common.c:502:12:search_dir	40	static
ext4_common.c:640:5:ext4fs_get_parent_inode_num	176	static
ext4_common.c:826:5:ext4fs_filename_check	40	static
ext4_common.c:1857:6:ext4fs_reinit_global	8	static
ext4_common.c:1878:6:ext4fs_close	16	static
ext4_common.c:1892:5:ext4fs_iterate_dir	80	dynamic
ext4_common.c:2059:12:ext4fs_find_file1	80	dynamic
ext4_common.c:2159:5:ext4fs_find_file	16	static
ext4_common.c:2183:5:ext4fs_open	24	static
ext4_common.c:2213:5:ext4fs_mount	16	static
